Archive member included to satisfy reference by file (symbol)

/home/duck/Workspace/Tools/gcc-arm-none-eabi-10.3-2021.10/arm-none-eabi/lib/thumb/v7-m/nofp/libc.a(lib_a-atof.o)
                              build_ak-base-kit-stm32l151-application/WString.o (atof)
/home/duck/Workspace/Tools/gcc-arm-none-eabi-10.3-2021.10/arm-none-eabi/lib/thumb/v7-m/nofp/libc.a(lib_a-atol.o)
                              build_ak-base-kit-stm32l151-application/WString.o (atol)
/home/duck/Workspace/Tools/gcc-arm-none-eabi-10.3-2021.10/arm-none-eabi/lib/thumb/v7-m/nofp/libc.a(lib_a-isspace.o)
                              build_ak-base-kit-stm32l151-application/WString.o (isspace)
/home/duck/Workspace/Tools/gcc-arm-none-eabi-10.3-2021.10/arm-none-eabi/lib/thumb/v7-m/nofp/libc.a(lib_a-malloc.o)
                              build_ak-base-kit-stm32l151-application/message.o (malloc)
/home/duck/Workspace/Tools/gcc-arm-none-eabi-10.3-2021.10/arm-none-eabi/lib/thumb/v7-m/nofp/libc.a(lib_a-mallocr.o)
                              /home/duck/Workspace/Tools/gcc-arm-none-eabi-10.3-2021.10/arm-none-eabi/lib/thumb/v7-m/nofp/libc.a(lib_a-malloc.o) (_malloc_r)
/home/duck/Workspace/Tools/gcc-arm-none-eabi-10.3-2021.10/arm-none-eabi/lib/thumb/v7-m/nofp/libc.a(lib_a-memcmp.o)
                              build_ak-base-kit-stm32l151-application/mbmfuncfiles.o (memcmp)
/home/duck/Workspace/Tools/gcc-arm-none-eabi-10.3-2021.10/arm-none-eabi/lib/thumb/v7-m/nofp/libc.a(lib_a-memcpy.o)
                              build_ak-base-kit-stm32l151-application/message.o (memcpy)
/home/duck/Workspace/Tools/gcc-arm-none-eabi-10.3-2021.10/arm-none-eabi/lib/thumb/v7-m/nofp/libc.a(lib_a-memmove.o)
                              build_ak-base-kit-stm32l151-application/WString.o (memmove)
/home/duck/Workspace/Tools/gcc-arm-none-eabi-10.3-2021.10/arm-none-eabi/lib/thumb/v7-m/nofp/libc.a(lib_a-memset.o)
                              build_ak-base-kit-stm32l151-application/task.o (memset)
/home/duck/Workspace/Tools/gcc-arm-none-eabi-10.3-2021.10/arm-none-eabi/lib/thumb/v7-m/nofp/libc.a(lib_a-mlock.o)
                              /home/duck/Workspace/Tools/gcc-arm-none-eabi-10.3-2021.10/arm-none-eabi/lib/thumb/v7-m/nofp/libc.a(lib_a-mallocr.o) (__malloc_lock)
/home/duck/Workspace/Tools/gcc-arm-none-eabi-10.3-2021.10/arm-none-eabi/lib/thumb/v7-m/nofp/libc.a(lib_a-rand.o)
                              build_ak-base-kit-stm32l151-application/WMath.o (srand)
/home/duck/Workspace/Tools/gcc-arm-none-eabi-10.3-2021.10/arm-none-eabi/lib/thumb/v7-m/nofp/libc.a(lib_a-realloc.o)
                              build_ak-base-kit-stm32l151-application/WString.o (realloc)
/home/duck/Workspace/Tools/gcc-arm-none-eabi-10.3-2021.10/arm-none-eabi/lib/thumb/v7-m/nofp/libc.a(lib_a-reallocr.o)
                              /home/duck/Workspace/Tools/gcc-arm-none-eabi-10.3-2021.10/arm-none-eabi/lib/thumb/v7-m/nofp/libc.a(lib_a-realloc.o) (_realloc_r)
/home/duck/Workspace/Tools/gcc-arm-none-eabi-10.3-2021.10/arm-none-eabi/lib/thumb/v7-m/nofp/libc.a(lib_a-sbrkr.o)
                              /home/duck/Workspace/Tools/gcc-arm-none-eabi-10.3-2021.10/arm-none-eabi/lib/thumb/v7-m/nofp/libc.a(lib_a-mallocr.o) (_sbrk_r)
/home/duck/Workspace/Tools/gcc-arm-none-eabi-10.3-2021.10/arm-none-eabi/lib/thumb/v7-m/nofp/libc.a(lib_a-strcat.o)
                              build_ak-base-kit-stm32l151-application/dtostrf.o (strcat)
/home/duck/Workspace/Tools/gcc-arm-none-eabi-10.3-2021.10/arm-none-eabi/lib/thumb/v7-m/nofp/libc.a(lib_a-strchr.o)
                              build_ak-base-kit-stm32l151-application/WString.o (strchr)
/home/duck/Workspace/Tools/gcc-arm-none-eabi-10.3-2021.10/arm-none-eabi/lib/thumb/v7-m/nofp/libc.a(lib_a-strcmp.o)
                              build_ak-base-kit-stm32l151-application/cmd_line.o (strcmp)
/home/duck/Workspace/Tools/gcc-arm-none-eabi-10.3-2021.10/arm-none-eabi/lib/thumb/v7-m/nofp/libc.a(lib_a-strcpy.o)
                              build_ak-base-kit-stm32l151-application/sys_dbg.o (strcpy)
/home/duck/Workspace/Tools/gcc-arm-none-eabi-10.3-2021.10/arm-none-eabi/lib/thumb/v7-m/nofp/libc.a(lib_a-strlen-stub.o)
                              build_ak-base-kit-stm32l151-application/xprintf.o (strlen)
/home/duck/Workspace/Tools/gcc-arm-none-eabi-10.3-2021.10/arm-none-eabi/lib/thumb/v7-m/nofp/libc.a(lib_a-strncmp.o)
                              build_ak-base-kit-stm32l151-application/WString.o (strncmp)
/home/duck/Workspace/Tools/gcc-arm-none-eabi-10.3-2021.10/arm-none-eabi/lib/thumb/v7-m/nofp/libc.a(lib_a-strncpy.o)
                              build_ak-base-kit-stm32l151-application/WString.o (strncpy)
/home/duck/Workspace/Tools/gcc-arm-none-eabi-10.3-2021.10/arm-none-eabi/lib/thumb/v7-m/nofp/libc.a(lib_a-strrchr.o)
                              build_ak-base-kit-stm32l151-application/WString.o (strrchr)
/home/duck/Workspace/Tools/gcc-arm-none-eabi-10.3-2021.10/arm-none-eabi/lib/thumb/v7-m/nofp/libc.a(lib_a-strstr.o)
[...]
Memory Configuration

Name             Origin             Length             Attributes
BSF              0x0000000008002000 0x0000000000001000 xr
FLASH            0x0000000008003000 0x000000000001d000 xr
SRAM             0x0000000020000000 0x0000000000004000 xrw
*default*        0x0000000000000000 0xffffffffffffffff

Linker script and memory map

                0x0000000000000800                HEAP_SIZE = 0x800

.start_boot_share_data_flash
                0x0000000008002000        0x0
                0x0000000008002000                _start_boot_share_data_flash = .

.start_flash    0x0000000008003000        0x0
                0x0000000008003000                _start_flash = .

.isr_vector     0x0000000008003000       0xf4
                0x0000000008003000                _isr_vector = .
 *(.isr_vector)
 .isr_vector    0x0000000008003000       0xf4 build_ak-base-kit-stm32l151-application/system.o
                0x0000000008003000                isr_vector
                0x00000000080030f4                . = ALIGN (0x4)

.text           0x00000000080030f8     0xe678
                0x00000000080030f8                . = ALIGN (0x4)
 *(.text)
 .text          0x00000000080030f8       0xec /home/duck/Workspace/Tools/gcc-arm-none-eabi-10.3-2021.10/arm-none-eabi/lib/thumb/v7-m/nofp/libc.a(lib_a-memcpy.o)
                0x00000000080030f8                memcpy
 .text          0x00000000080031e4      0x1bc /home/duck/Workspace/Tools/gcc-arm-none-eabi-10.3-2021.10/arm-none-eabi/lib/thumb/v7-m/nofp/libc.a(lib_a-strcmp.o)
                0x00000000080031e4                strcmp
 .text          0x00000000080033a0      0x378 /home/duck/Workspace/Tools/gcc-arm-none-eabi-10.3-2021.10/lib/gcc/arm-none-eabi/10.3.1/thumb/v7-m/nofp/libgcc.a(_arm_addsubdf3.o)
                0x00000000080033a0                __aeabi_drsub
                0x00000000080033a8                __aeabi_dsub
                0x00000000080033a8                __subdf3
                0x00000000080033ac                __adddf3
                0x00000000080033ac                __aeabi_dadd
                0x0000000008003624                __aeabi_ui2d
                0x0000000008003624                __floatunsidf
                0x0000000008003644                __floatsidf
                0x0000000008003644                __aeabi_i2d
                0x0000000008003668                __extendsfdf2
                0x0000000008003668                __aeabi_f2d
                0x00000000080036ac                __aeabi_ul2d
                0x00000000080036ac                __floatundidf
                0x00000000080036bc                __floatdidf
                0x00000000080036bc                __aeabi_l2d
 .text          0x0000000008003718      0x424 /home/duck/Workspace/Tools/gcc-arm-none-eabi-10.3-2021.10/lib/gcc/arm-none-eabi/10.3.1/thumb/v7-m/nofp/libgcc.a(_arm_muldivdf3.o)
                0x0000000008003718                __aeabi_dmul
                0x0000000008003718                __muldf3
                0x000000000800396c                __aeabi_ddiv
                0x000000000800396c                __divdf3
 .text          0x0000000008003b3c      0x110 /home/duck/Workspace/Tools/gcc-arm-none-eabi-10.3-2021.10/lib/gcc/arm-none-eabi/10.3.1/thumb/v7-m/nofp/libgcc.a(_arm_cmpdf2.o)
                0x0000000008003b3c                __gtdf2
                0x0000000008003b3c                __gedf2
                0x0000000008003b44                __ltdf2
                0x0000000008003b44                __ledf2
                0x0000000008003b4c                __cmpdf2
                0x0000000008003b4c                __eqdf2
                0x0000000008003b4c                __nedf2
                0x0000000008003bc8                __aeabi_cdrcmple
                0x0000000008003bd8                __aeabi_cdcmple
                0x0000000008003bd8                __aeabi_cdcmpeq
                0x0000000008003be8                __aeabi_dcmpeq
                0x0000000008003bfc                __aeabi_dcmplt
                0x0000000008003c10                __aeabi_dcmple
                0x0000000008003c24                __aeabi_dcmpge
                0x0000000008003c38                __aeabi_dcmpgt
 .text          0x0000000008003c4c       0x2c /home/duck/Workspace/Tools/gcc-arm-none-eabi-10.3-2021.10/lib/gcc/arm-none-eabi/10.3.1/thumb/v7-m/nofp/libgcc.a(_arm_unorddf2.o)
                0x0000000008003c4c                __aeabi_dcmpun
                0x0000000008003c4c                __unorddf2
 .text          0x0000000008003c78       0x50 /home/duck/Workspace/Tools/gcc-arm-none-eabi-10.3-2021.10/lib/gcc/arm-none-eabi/10.3.1/thumb/v7-m/nofp/libgcc.a(_arm_fixdfsi.o)
                0x0000000008003c78                __fixdfsi
                0x0000000008003c78                __aeabi_d2iz
 .text          0x0000000008003cc8       0x40 /home/duck/Workspace/Tools/gcc-arm-none-eabi-10.3-2021.10/lib/gcc/arm-none-eabi/10.3.1/thumb/v7-m/nofp/libgcc.a(_arm_fixunsdfsi.o)
                0x0000000008003cc8                __fixunsdfsi
                0x0000000008003cc8                __aeabi_d2uiz
 .text          0x0000000008003d08      0x21c /home/duck/Workspace/Tools/gcc-arm-none-eabi-10.3-2021.10/lib/gcc/arm-none-eabi/10.3.1/thumb/v7-m/nofp/libgcc.a(_arm_addsubsf3.o)
                0x0000000008003d08                __aeabi_frsub
                0x0000000008003d10                __subsf3
                0x0000000008003d10                __aeabi_fsub
                0x0000000008003d14                __aeabi_fadd
                0x0000000008003d14                __addsf3
                0x0000000008003e74                __aeabi_ui2f
                0x0000000008003e74                __floatunsisf
                0x0000000008003e7c                __aeabi_i2f
                0x0000000008003e7c                __floatsisf
                0x0000000008003e98                __floatundisf
                0x0000000008003e98                __aeabi_ul2f
                0x0000000008003ea8                __floatdisf
                0x0000000008003ea8                __aeabi_l2f
 .text          0x0000000008003f24       0x30 /home/duck/Workspace/Tools/gcc-arm-none-eabi-10.3-2021.10/lib/gcc/arm-none-eabi/10.3.1/thumb/v7-m/nofp/libgcc.a(_aeabi_uldivmod.o)
                0x0000000008003f24                __aeabi_uldivmod
 .text          0x0000000008003f54      0x2d4 /home/duck/Workspace/Tools/gcc-arm-none-eabi-10.3-2021.10/lib/gcc/arm-none-eabi/10.3.1/thumb/v7-m/nofp/libgcc.a(_udivmoddi4.o)
                0x0000000008003f54                __udivmoddi4
 .text          0x0000000008004228        0x4 /home/duck/Workspace/Tools/gcc-arm-none-eabi-10.3-2021.10/lib/gcc/arm-none-eabi/10.3.1/thumb/v7-m/nofp/libgcc.a(_dvmd_tls.o)
                0x0000000008004228                __aeabi_ldiv0
                0x0000000008004228                __aeabi_idiv0
 *(.text*)
 .text.fsm_dispatch
                0x000000000800422c        0x6 build_ak-base-kit-stm32l151-application/fsm.o
                0x000000000800422c                fsm_dispatch
 *fill*         0x0000000008004232        0x2 
 .text.task_create
                0x0000000008004234       0x3c build_ak-base-kit-stm32l151-application/task.o
                0x0000000008004234                task_create
 .text.task_polling_create
                0x0000000008004270       0x34 build_ak-base-kit-stm32l151-application/task.o
                0x0000000008004270                task_polling_create
 .text.task_post
                0x00000000080042a4       0x84 build_ak-base-kit-stm32l151-application/task.o
                0x00000000080042a4                task_post
 .text.task_remove_msg
                0x0000000008004328       0xb4 build_ak-base-kit-stm32l151-application/task.o
                0x0000000008004328                task_remove_msg
 .text.task_post_pure_msg
                0x00000000080043dc       0x18 build_ak-base-kit-stm32l151-application/task.o
                0x00000000080043dc                task_post_pure_msg
 .text.task_post_common_msg
                0x00000000080043f4       0x2a build_ak-base-kit-stm32l151-application/task.o
                0x00000000080043f4                task_post_common_msg
 *fill*         0x000000000800441e        0x2 
 .text.task_entry_interrupt
                0x0000000008004420       0x1c build_ak-base-kit-stm32l151-application/task.o
                0x0000000008004420                task_entry_interrupt
 .text.task_exit_interrupt
                0x000000000800443c       0x24 build_ak-base-kit-stm32l151-application/task.o
                0x000000000800443c                task_exit_interrupt
 .text.task_init
                0x0000000008004460       0x40 build_ak-base-kit-stm32l151-application/task.o
                0x0000000008004460                task_init
 .text.task_polling_run
                0x00000000080044a0       0x34 build_ak-base-kit-stm32l151-application/task.o
                0x00000000080044a0                task_polling_run
 .text.task_run
                0x00000000080044d4      0x138 build_ak-base-kit-stm32l151-application/task.o
                0x00000000080044d4                task_run
 .text.get_current_task_id
                0x000000000800460c        0xc build_ak-base-kit-stm32l151-application/task.o
                0x000000000800460c                get_current_task_id
 .text.get_current_task_info
                0x0000000008004618        0x8 build_ak-base-kit-stm32l151-application/task.o
                0x0000000008004618                get_current_task_info
 .text.get_current_active_object
                0x0000000008004620        0x8 build_ak-base-kit-stm32l151-application/task.o
                0x0000000008004620                get_current_active_object
 .text.timer_remove_msg
                0x0000000008004628       0x64 build_ak-base-kit-stm32l151-application/timer.o
 .text.task_timer_tick
                0x000000000800468c       0x7c build_ak-base-kit-stm32l151-application/timer.o
                0x000000000800468c                task_timer_tick
 .text.timer_init
                0x0000000008004708       0x6c build_ak-base-kit-stm32l151-application/timer.o
                0x0000000008004708                timer_init
 .text.timer_tick
                0x0000000008004774       0x38 build_ak-base-kit-stm32l151-application/timer.o
                0x0000000008004774                timer_tick
 .text.timer_set
                0x00000000080047ac       0x98 build_ak-base-kit-stm32l151-application/timer.o
                0x00000000080047ac                timer_set
 .text.timer_remove_attr
                0x0000000008004844       0x18 build_ak-base-kit-stm32l151-application/timer.o
                0x0000000008004844                timer_remove_attr
 .text.free_common_msg
                0x000000000800485c       0x28 build_ak-base-kit-stm32l151-application/message.o
 .text.free_pure_msg
                0x0000000008004884       0x28 build_ak-base-kit-stm32l151-application/message.o
 .text.free_dynamic_msg
                0x00000000080048ac       0x30 build_ak-base-kit-stm32l151-application/message.o
 .text.msg_init
                0x00000000080048dc      0x100 build_ak-base-kit-stm32l151-application/message.o
                0x00000000080048dc                msg_init
 .text.msg_force_free
                0x00000000080049dc       0x44 build_ak-base-kit-stm32l151-application/message.o
                0x00000000080049dc                msg_force_free
 .text.msg_inc_ref_count
                0x0000000008004a20       0x2c build_ak-base-kit-stm32l151-application/message.o
                0x0000000008004a20                msg_inc_ref_count
 .text.msg_dec_ref_count
                0x0000000008004a4c       0x28 build_ak-base-kit-stm32l151-application/message.o
                0x0000000008004a4c                msg_dec_ref_count
 .text.msg_free
                0x0000000008004a74       0x58 build_ak-base-kit-stm32l151-application/message.o
                0x0000000008004a74                msg_free
 .text.ak_malloc
                0x0000000008004acc       0x50 build_ak-base-kit-stm32l151-application/message.o
                0x0000000008004acc                ak_malloc
 .text.ak_free  0x0000000008004b1c        0x4 build_ak-base-kit-stm32l151-application/message.o
                0x0000000008004b1c                ak_free
 .text.get_pure_msg
                0x0000000008004b20       0x5c build_ak-base-kit-stm32l151-application/message.o
                0x0000000008004b20                get_pure_msg
 .text.get_common_msg
                0x0000000008004b7c       0x60 build_ak-base-kit-stm32l151-application/message.o
                0x0000000008004b7c                get_common_msg
 .text.set_data_common_msg
                0x0000000008004bdc       0x4c build_ak-base-kit-stm32l151-application/message.o
                0x0000000008004bdc                set_data_common_msg
 .text.get_data_common_msg
                0x0000000008004c28       0x28 build_ak-base-kit-stm32l151-application/message.o
                0x0000000008004c28                get_data_common_msg
 .text.get_data_len_common_msg
                0x0000000008004c50       0x28 build_ak-base-kit-stm32l151-application/message.o
                0x0000000008004c50                get_data_len_common_msg
 .text.get_dynamic_msg
                0x0000000008004c78       0x64 build_ak-base-kit-stm32l151-application/message.o
                0x0000000008004c78                get_dynamic_msg
 .text.set_data_dynamic_msg
                0x0000000008004cdc       0x3c build_ak-base-kit-stm32l151-application/message.o
                0x0000000008004cdc                set_data_dynamic_msg
 .text.get_data_dynamic_msg
                0x0000000008004d18       0x28 build_ak-base-kit-stm32l151-application/message.o
                0x0000000008004d18                get_data_dynamic_msg
 .text.get_data_len_dynamic_msg
                0x0000000008004d40        0x4 build_ak-base-kit-stm32l151-application/message.o
                0x0000000008004d40                get_data_len_dynamic_msg
 .text.log_queue_init
                0x0000000008004d44       0x2e build_ak-base-kit-stm32l151-application/log_queue.o
                0x0000000008004d44                log_queue_init
 .text.log_queue_len
                0x0000000008004d72        0x4 build_ak-base-kit-stm32l151-application/log_queue.o
                0x0000000008004d72                log_queue_len
 .text.log_queue_put
                0x0000000008004d76       0x5c build_ak-base-kit-stm32l151-application/log_queue.o
                0x0000000008004d76                log_queue_put
 .text.log_queue_get
                0x0000000008004dd2       0x30 build_ak-base-kit-stm32l151-application/log_queue.o
                0x0000000008004dd2                log_queue_get
 .text.fifo_init
                0x0000000008004e02       0x12 build_ak-base-kit-stm32l151-application/fifo.o
                0x0000000008004e02                fifo_init
 .text.fifo_availble
                0x0000000008004e14        0x4 build_ak-base-kit-stm32l151-application/fifo.o
                0x0000000008004e14                fifo_availble
 .text.fifo_is_full
                0x0000000008004e18        0xc build_ak-base-kit-stm32l151-application/fifo.o
                0x0000000008004e18                fifo_is_full
 .text.fifo_put
                0x0000000008004e24       0x54 build_ak-base-kit-stm32l151-application/fifo.o
                0x0000000008004e24                fifo_put
 .text.fifo_get
                0x0000000008004e78       0x50 build_ak-base-kit-stm32l151-application/fifo.o
                0x0000000008004e78                fifo_get
 .text.ring_buffer_char_init
                0x0000000008004ec8        0xc build_ak-base-kit-stm32l151-application/ring_buffer.o
                0x0000000008004ec8                ring_buffer_char_init
 .text.ring_buffer_char_is_empty
                0x0000000008004ed4        0xa build_ak-base-kit-stm32l151-application/ring_buffer.o
                0x0000000008004ed4                ring_buffer_char_is_empty
 .text.ring_buffer_char_put
                0x0000000008004ede       0x36 build_ak-base-kit-stm32l151-application/ring_buffer.o
                0x0000000008004ede                ring_buffer_char_put
 .text.ring_buffer_char_get
                0x0000000008004f14       0x26 build_ak-base-kit-stm32l151-application/ring_buffer.o
                0x0000000008004f14                ring_buffer_char_get
 .text.mem_read
                0x0000000008004f3a       0x18 build_ak-base-kit-stm32l151-application/utils.o
                0x0000000008004f3a                mem_read
 .text.mem_write
                0x0000000008004f52       0x1a build_ak-base-kit-stm32l151-application/utils.o
                0x0000000008004f52                mem_write
 *fill*         0x0000000008004f6c        0x4 
 .text.ilog10   0x0000000008004f70       0xd8 build_ak-base-kit-stm32l151-application/xprintf.o
 .text.i10x     0x0000000008005048       0x78 build_ak-base-kit-stm32l151-application/xprintf.o
 .text.xfputc   0x00000000080050c0       0x30 build_ak-base-kit-stm32l151-application/xprintf.o
                0x00000000080050c0                xfputc
 .text.xputc    0x00000000080050f0       0x10 build_ak-base-kit-stm32l151-application/xprintf.o
                0x00000000080050f0                xputc
 .text.xvfprintf
                0x0000000008005100      0x580 build_ak-base-kit-stm32l151-application/xprintf.o
 .text.xprintf  0x0000000008005680       0x24 build_ak-base-kit-stm32l151-application/xprintf.o
                0x0000000008005680                xprintf
 .text.cmd_line_parser
                0x00000000080056a4       0x7c build_ak-base-kit-stm32l151-application/cmd_line.o
                0x00000000080056a4                cmd_line_parser
 .text.button_init
                0x0000000008005720       0x34 build_ak-base-kit-stm32l151-application/button.o
                0x0000000008005720                button_init
 .text.button_enable
                0x0000000008005754        0x6 build_ak-base-kit-stm32l151-application/button.o
                0x0000000008005754                button_enable
 .text.button_timer_polling
                0x000000000800575a       0x76 build_ak-base-kit-stm32l151-application/button.o
                0x000000000800575a                button_timer_polling
 .text.flash_wait_to_idle
                0x00000000080057d0       0x32 build_ak-base-kit-stm32l151-application/flash.o
 .text.flash_set_write_enable.constprop.0
                0x0000000008005802       0x14 build_ak-base-kit-stm32l151-application/flash.o
 .text.flash_is_connected
                0x0000000008005816       0x22 build_ak-base-kit-stm32l151-application/flash.o
                0x0000000008005816                flash_is_connected
 .text.flash_read
                0x0000000008005838       0x5e build_ak-base-kit-stm32l151-application/flash.o
                0x0000000008005838                flash_read
 .text.flash_write
                0x0000000008005896       0x6c build_ak-base-kit-stm32l151-application/flash.o
                0x0000000008005896                flash_write
 .text.flash_erase_sector
                0x0000000008005902       0x48 build_ak-base-kit-stm32l151-application/flash.o
                0x0000000008005902                flash_erase_sector
 .text.flash_erase_block_64k
                0x000000000800594a       0x46 build_ak-base-kit-stm32l151-application/flash.o
                0x000000000800594a                flash_erase_block_64k
 .text.led_init
                0x0000000008005990       0x20 build_ak-base-kit-stm32l151-application/led.o
                0x0000000008005990                led_init
 .text.led_on   0x00000000080059b0        0xc build_ak-base-kit-stm32l151-application/led.o
                0x00000000080059b0                led_on
 .text.led_off  0x00000000080059bc        0xc build_ak-base-kit-stm32l151-application/led.o
                0x00000000080059bc                led_off
 .text.led_toggle
                0x00000000080059c8       0x12 build_ak-base-kit-stm32l151-application/led.o
                0x00000000080059c8                led_toggle
 *fill*         0x00000000080059da        0x2 
 .text.BUZZER_Init
                0x00000000080059dc       0xe0 build_ak-base-kit-stm32l151-application/buzzer.o
                0x00000000080059dc                BUZZER_Init
 .text.BUZZER_Disable
                0x0000000008005abc       0x38 build_ak-base-kit-stm32l151-application/buzzer.o
                0x0000000008005abc                BUZZER_Disable
 .text.BUZZER_Enable
                0x0000000008005af4       0x84 build_ak-base-kit-stm32l151-application/buzzer.o
                0x0000000008005af4                BUZZER_Enable
 .text.buzzer_irq
                0x0000000008005b78      0x134 build_ak-base-kit-stm32l151-application/buzzer.o
                0x0000000008005b78                buzzer_irq
 .text.BUZZER_PlaySound
                0x0000000008005cac       0x78 build_ak-base-kit-stm32l151-application/buzzer.o
                0x0000000008005cac                BUZZER_PlaySound
 .text.BUZZER_PlaySoundLoop
                0x0000000008005d24       0x7c build_ak-base-kit-stm32l151-application/buzzer.o
                0x0000000008005d24                BUZZER_PlaySoundLoop
 .text.BUZZER_StopLoop
                0x0000000008005da0       0x1c build_ak-base-kit-stm32l151-application/buzzer.o
                0x0000000008005da0                BUZZER_StopLoop
 .text.sys_dbg_cpu_dump
                0x0000000008005dbc       0x4c build_ak-base-kit-stm32l151-application/sys_dbg.o
                0x0000000008005dbc                sys_dbg_cpu_dump
 .text.sys_dbg_stack_space_dump
                0x0000000008005e08       0x30 build_ak-base-kit-stm32l151-application/sys_dbg.o
                0x0000000008005e08                sys_dbg_stack_space_dump
 .text.sys_dbg_fatal
                0x0000000008005e38      0x3cc build_ak-base-kit-stm32l151-application/sys_dbg.o
                0x0000000008005e38                sys_dbg_fatal
 .text.sys_boot_init
                0x0000000008006204       0x14 build_ak-base-kit-stm32l151-application/sys_boot.o
                0x0000000008006204                sys_boot_init
 .text.sys_boot_get
                0x0000000008006218        0xc build_ak-base-kit-stm32l151-application/sys_boot.o
                0x0000000008006218                sys_boot_get
 .text.sys_boot_set
                0x0000000008006224       0x34 build_ak-base-kit-stm32l151-application/sys_boot.o
                0x0000000008006224                sys_boot_set
 .text.eMBExceptionToErrorcode
                0x0000000008006258       0x14 build_ak-base-kit-stm32l151-application/mbutils.o
                0x0000000008006258                eMBExceptionToErrorcode
 .text.eMBMReleaseHdl
                0x000000000800626c       0x58 build_ak-base-kit-stm32l151-application/mbm.o
 .text.bMBMResponseTimeoutCB
                0x00000000080062c4       0x18 build_ak-base-kit-stm32l151-application/mbm.o
 .text.bMBMIsHdlValid
                0x00000000080062dc       0x18 build_ak-base-kit-stm32l151-application/mbm.o
                0x00000000080062dc                bMBMIsHdlValid
 .text.vMBMMasterTransactionPolled
                0x00000000080062f4       0xae build_ak-base-kit-stm32l151-application/mbm.o
                0x00000000080062f4                vMBMMasterTransactionPolled
 *fill*         0x00000000080063a2        0x2 
 .text.eMBMSerialInitExt
                0x00000000080063a4       0xcc build_ak-base-kit-stm32l151-application/mbm.o
                0x00000000080063a4                eMBMSerialInitExt
 .text.usMBMCRC16
                0x0000000008006470       0x2c build_ak-base-kit-stm32l151-application/mbmcrc.o
                0x0000000008006470                usMBMCRC16
 .text.bMBMSerialWaitCB
                0x000000000800649c       0x3c build_ak-base-kit-stm32l151-application/mbmrtu.o
 .text.bMBMSerialRTUT35CB
                0x00000000080064d8       0x58 build_ak-base-kit-stm32l151-application/mbmrtu.o
 .text.bMBMSerialRTUTransmitterEmptyAPIV1CB
                0x0000000008006530       0xb2 build_ak-base-kit-stm32l151-application/mbmrtu.o
 .text.bMBMSerialRTUReceiverAPIV1CB
                0x00000000080065e2       0xa0 build_ak-base-kit-stm32l151-application/mbmrtu.o
 *fill*         0x0000000008006682        0x2 
 .text.eMBMSerialRTUFrameCloseInternal
                0x0000000008006684       0x90 build_ak-base-kit-stm32l151-application/mbmrtu.o
 .text.eMBMSerialRTUFrameReceive
                0x0000000008006714       0xc4 build_ak-base-kit-stm32l151-application/mbmrtu.o
 .text.eMBMSerialRTUFrameSend
                0x00000000080067d8       0xd0 build_ak-base-kit-stm32l151-application/mbmrtu.o
 .text.eMBMSerialRTUFrameClose
                0x00000000080068a8       0x18 build_ak-base-kit-stm32l151-application/mbmrtu.o
 .text.eMBMSerialRTUInit
                0x00000000080068c0      0x118 build_ak-base-kit-stm32l151-application/mbmrtu.o
                0x00000000080068c0                eMBMSerialRTUInit
 .text.vMBMReadHoldingRegistersPolled
                0x00000000080069d8      0x136 build_ak-base-kit-stm32l151-application/mbmfuncholding.o
                0x00000000080069d8                vMBMReadHoldingRegistersPolled
 .text.eMBMReadHoldingRegisters
                0x0000000008006b0e       0x42 build_ak-base-kit-stm32l151-application/mbmfuncholding.o
                0x0000000008006b0e                eMBMReadHoldingRegisters
 .text.vMBMReadCoilsPolled
                0x0000000008006b50      0x114 build_ak-base-kit-stm32l151-application/mbmfunccoils.o
                0x0000000008006b50                vMBMReadCoilsPolled
 .text.eMBMReadCoils
                0x0000000008006c64       0x42 build_ak-base-kit-stm32l151-application/mbmfunccoils.o
                0x0000000008006c64                eMBMReadCoils
 .text.vMBMReadDiscreteInputsPolled
                0x0000000008006ca6      0x114 build_ak-base-kit-stm32l151-application/mbmfuncdisc.o
                0x0000000008006ca6                vMBMReadDiscreteInputsPolled
 .text.eMBMReadDiscreteInputs
                0x0000000008006dba       0x42 build_ak-base-kit-stm32l151-application/mbmfuncdisc.o
                0x0000000008006dba                eMBMReadDiscreteInputs
 .text.vMBMReadInputRegistersPolled
                0x0000000008006dfc      0x120 build_ak-base-kit-stm32l151-application/mbmfuncinput.o
                0x0000000008006dfc                vMBMReadInputRegistersPolled
 .text.eMBMReadInputRegisters
                0x0000000008006f1c       0x42 build_ak-base-kit-stm32l151-application/mbmfuncinput.o
                0x0000000008006f1c                eMBMReadInputRegisters
 *fill*         0x0000000008006f5e        0x2 
 .text.eMBPEventCreate
                0x0000000008006f60       0x5c build_ak-base-kit-stm32l151-application/mbportevent.o
                0x0000000008006f60                eMBPEventCreate
 .text.eMBPEventPost
                0x0000000008006fbc       0x2c build_ak-base-kit-stm32l151-application/mbportevent.o
                0x0000000008006fbc                eMBPEventPost
 .text.bMBPEventGet
                0x0000000008006fe8       0x34 build_ak-base-kit-stm32l151-application/mbportevent.o
                0x0000000008006fe8                bMBPEventGet
 .text.vMBPEventDelete
                0x000000000800701c       0x2c build_ak-base-kit-stm32l151-application/mbportevent.o
                0x000000000800701c                vMBPEventDelete
 .text.vMBPAssert
                0x0000000008007048       0x1c build_ak-base-kit-stm32l151-application/mbportother.o
                0x0000000008007048                vMBPAssert
 .text.vMBPEnterCritical
                0x0000000008007064        0x4 build_ak-base-kit-stm32l151-application/mbportother.o
                0x0000000008007064                vMBPEnterCritical
 .text.vMBPExitCritical
                0x0000000008007068        0x4 build_ak-base-kit-stm32l151-application/mbportother.o
                0x0000000008007068                vMBPExitCritical
 .text.eMBPSerialInit
                0x000000000800706c      0x144 build_ak-base-kit-stm32l151-application/mbportserial.o
                0x000000000800706c                eMBPSerialInit
 .text.eMBPSerialClose
                0x00000000080071b0       0x58 build_ak-base-kit-stm32l151-application/mbportserial.o
                0x00000000080071b0                eMBPSerialClose
 .text.eMBPSerialTxEnable
                0x0000000008007208       0x70 build_ak-base-kit-stm32l151-application/mbportserial.o
                0x0000000008007208                eMBPSerialTxEnable
 .text.eMBPSerialRxEnable
                0x0000000008007278       0x5c build_ak-base-kit-stm32l151-application/mbportserial.o
                0x0000000008007278                eMBPSerialRxEnable
 .text.vMBPUSART2ISR
                0x00000000080072d4       0xec build_ak-base-kit-stm32l151-application/mbportserial.o
                0x00000000080072d4                vMBPUSART2ISR
 .text.eMBPTimerInit
                0x00000000080073c0       0xec build_ak-base-kit-stm32l151-application/mbporttimer.o
                0x00000000080073c0                eMBPTimerInit
 .text.vMBPTimerClose
                0x00000000080074ac       0x28 build_ak-base-kit-stm32l151-application/mbporttimer.o
                0x00000000080074ac                vMBPTimerClose
 .text.eMBPTimerStart
                0x00000000080074d4       0x2c build_ak-base-kit-stm32l151-application/mbporttimer.o
                0x00000000080074d4                eMBPTimerStart
 .text.eMBPTimerStop
                0x0000000008007500       0x30 build_ak-base-kit-stm32l151-application/mbporttimer.o
                0x0000000008007500                eMBPTimerStop
 .text.vMBPTimerISR
                0x0000000008007530       0x58 build_ak-base-kit-stm32l151-application/mbporttimer.o
                0x0000000008007530                vMBPTimerISR
 .text.GPIO_Init
                0x0000000008007588       0x78 build_ak-base-kit-stm32l151-application/stm32l1xx_gpio.o
                0x0000000008007588                GPIO_Init
 .text.GPIO_ReadInputDataBit
                0x0000000008007600        0xc build_ak-base-kit-stm32l151-application/stm32l1xx_gpio.o
                0x0000000008007600                GPIO_ReadInputDataBit
 .text.GPIO_SetBits
                0x000000000800760c        0x4 build_ak-base-kit-stm32l151-application/stm32l1xx_gpio.o
                0x000000000800760c                GPIO_SetBits
 .text.GPIO_ResetBits
                0x0000000008007610        0x4 build_ak-base-kit-stm32l151-application/stm32l1xx_gpio.o
                0x0000000008007610                GPIO_ResetBits
 .text.GPIO_PinAFConfig
                0x0000000008007614       0x24 build_ak-base-kit-stm32l151-application/stm32l1xx_gpio.o
                0x0000000008007614                GPIO_PinAFConfig
 .text.RCC_HSICmd
                0x0000000008007638        0xc build_ak-base-kit-stm32l151-application/stm32l1xx_rcc.o
                0x0000000008007638                RCC_HSICmd
 .text.RCC_GetClocksFreq
                0x0000000008007644       0x9c build_ak-base-kit-stm32l151-application/stm32l1xx_rcc.o
                0x0000000008007644                RCC_GetClocksFreq
 .text.RCC_AHBPeriphClockCmd
                0x00000000080076e0       0x18 build_ak-base-kit-stm32l151-application/stm32l1xx_rcc.o
                0x00000000080076e0                RCC_AHBPeriphClockCmd
 .text.RCC_APB2PeriphClockCmd
                0x00000000080076f8       0x18 build_ak-base-kit-stm32l151-application/stm32l1xx_rcc.o
                0x00000000080076f8                RCC_APB2PeriphClockCmd
 .text.RCC_APB1PeriphClockCmd
                0x0000000008007710       0x18 build_ak-base-kit-stm32l151-application/stm32l1xx_rcc.o
                0x0000000008007710                RCC_APB1PeriphClockCmd
 .text.RCC_APB2PeriphResetCmd
                0x0000000008007728       0x18 build_ak-base-kit-stm32l151-application/stm32l1xx_rcc.o
                0x0000000008007728                RCC_APB2PeriphResetCmd
 .text.RCC_APB1PeriphResetCmd
                0x0000000008007740       0x18 build_ak-base-kit-stm32l151-application/stm32l1xx_rcc.o
                0x0000000008007740                RCC_APB1PeriphResetCmd
 .text.RCC_GetFlagStatus
                0x0000000008007758       0x20 build_ak-base-kit-stm32l151-application/stm32l1xx_rcc.o
                0x0000000008007758                RCC_GetFlagStatus
 .text.USART_DeInit
                0x0000000008007778       0x9c build_ak-base-kit-stm32l151-application/stm32l1xx_usart.o
                0x0000000008007778                USART_DeInit
 .text.USART_Init
                0x0000000008007814       0xa4 build_ak-base-kit-stm32l151-application/stm32l1xx_usart.o
                0x0000000008007814                USART_Init
 .text.USART_ClockInit
                0x00000000080078b8       0x20 build_ak-base-kit-stm32l151-application/stm32l1xx_usart.o
                0x00000000080078b8                USART_ClockInit
 .text.USART_Cmd
                0x00000000080078d8       0x18 build_ak-base-kit-stm32l151-application/stm32l1xx_usart.o
                0x00000000080078d8                USART_Cmd
 .text.USART_SendData
                0x00000000080078f0        0x8 build_ak-base-kit-stm32l151-application/stm32l1xx_usart.o
                0x00000000080078f0                USART_SendData
 .text.USART_ReceiveData
                0x00000000080078f8        0x8 build_ak-base-kit-stm32l151-application/stm32l1xx_usart.o
                0x00000000080078f8                USART_ReceiveData
 .text.USART_ITConfig
                0x0000000008007900       0x30 build_ak-base-kit-stm32l151-application/stm32l1xx_usart.o
                0x0000000008007900                USART_ITConfig
 .text.USART_GetFlagStatus
                0x0000000008007930        0xc build_ak-base-kit-stm32l151-application/stm32l1xx_usart.o
                0x0000000008007930                USART_GetFlagStatus
 .text.USART_GetITStatus
                0x000000000800793c       0x3e build_ak-base-kit-stm32l151-application/stm32l1xx_usart.o
                0x000000000800793c                USART_GetITStatus
 .text.USART_ClearITPendingBit
                0x000000000800797a        0xe build_ak-base-kit-stm32l151-application/stm32l1xx_usart.o
                0x000000000800797a                USART_ClearITPendingBit
 .text.SPI_I2S_DeInit
                0x0000000008007988       0x64 build_ak-base-kit-stm32l151-application/stm32l1xx_spi.o
                0x0000000008007988                SPI_I2S_DeInit
 .text.SPI_Init
                0x00000000080079ec       0x3e build_ak-base-kit-stm32l151-application/stm32l1xx_spi.o
                0x00000000080079ec                SPI_Init
 .text.SPI_Cmd  0x0000000008007a2a       0x18 build_ak-base-kit-stm32l151-application/stm32l1xx_spi.o
                0x0000000008007a2a                SPI_Cmd
 .text.SPI_I2S_ReceiveData
                0x0000000008007a42        0x6 build_ak-base-kit-stm32l151-application/stm32l1xx_spi.o
                0x0000000008007a42                SPI_I2S_ReceiveData
 .text.SPI_I2S_SendData
                0x0000000008007a48        0x4 build_ak-base-kit-stm32l151-application/stm32l1xx_spi.o
                0x0000000008007a48                SPI_I2S_SendData
 .text.SPI_I2S_GetFlagStatus
                0x0000000008007a4c        0xc build_ak-base-kit-stm32l151-application/stm32l1xx_spi.o
                0x0000000008007a4c                SPI_I2S_GetFlagStatus
 .text.NVIC_PriorityGroupConfig
                0x0000000008007a58       0x14 build_ak-base-kit-stm32l151-application/misc.o
                0x0000000008007a58                NVIC_PriorityGroupConfig
 .text.NVIC_Init
                0x0000000008007a6c       0x58 build_ak-base-kit-stm32l151-application/misc.o
                0x0000000008007a6c                NVIC_Init
 .text.EXTI_GetFlagStatus
                0x0000000008007ac4       0x14 build_ak-base-kit-stm32l151-application/stm32l1xx_exti.o
                0x0000000008007ac4                EXTI_GetFlagStatus
 .text.EXTI_GetITStatus
                0x0000000008007ad8        0x4 build_ak-base-kit-stm32l151-application/stm32l1xx_exti.o
                0x0000000008007ad8                EXTI_GetITStatus
 .text.EXTI_ClearITPendingBit
                0x0000000008007adc        0xc build_ak-base-kit-stm32l151-application/stm32l1xx_exti.o
                0x0000000008007adc                EXTI_ClearITPendingBit
 .text.TIM_DeInit
                0x0000000008007ae8       0xe4 build_ak-base-kit-stm32l151-application/stm32l1xx_tim.o
                0x0000000008007ae8                TIM_DeInit
 .text.TIM_TimeBaseInit
                0x0000000008007bcc       0x58 build_ak-base-kit-stm32l151-application/stm32l1xx_tim.o
                0x0000000008007bcc                TIM_TimeBaseInit
 .text.TIM_ARRPreloadConfig
                0x0000000008007c24       0x18 build_ak-base-kit-stm32l151-application/stm32l1xx_tim.o
                0x0000000008007c24                TIM_ARRPreloadConfig
 .text.TIM_Cmd  0x0000000008007c3c       0x18 build_ak-base-kit-stm32l151-application/stm32l1xx_tim.o
                0x0000000008007c3c                TIM_Cmd
 .text.TIM_OC3Init
                0x0000000008007c54       0x3c build_ak-base-kit-stm32l151-application/stm32l1xx_tim.o
                0x0000000008007c54                TIM_OC3Init
 .text.TIM_OC3PreloadConfig
                0x0000000008007c90       0x10 build_ak-base-kit-stm32l151-application/stm32l1xx_tim.o
                0x0000000008007c90                TIM_OC3PreloadConfig
 .text.TIM_ITConfig
                0x0000000008007ca0       0x12 build_ak-base-kit-stm32l151-application/stm32l1xx_tim.o
                0x0000000008007ca0                TIM_ITConfig
 .text.TIM_GetITStatus
                0x0000000008007cb2       0x16 build_ak-base-kit-stm32l151-application/stm32l1xx_tim.o
                0x0000000008007cb2                TIM_GetITStatus
 .text.TIM_ClearITPendingBit
                0x0000000008007cc8        0x8 build_ak-base-kit-stm32l151-application/stm32l1xx_tim.o
                0x0000000008007cc8                TIM_ClearITPendingBit
 .text.ADC_Init
                0x0000000008007cd0       0x4c build_ak-base-kit-stm32l151-application/stm32l1xx_adc.o
                0x0000000008007cd0                ADC_Init
 .text.ADC_Cmd  0x0000000008007d1c       0x12 build_ak-base-kit-stm32l151-application/stm32l1xx_adc.o
                0x0000000008007d1c                ADC_Cmd
 *fill*         0x0000000008007d2e        0x2 
 .text.ADC_TempSensorVrefintCmd
                0x0000000008007d30       0x18 build_ak-base-kit-stm32l151-application/stm32l1xx_adc.o
                0x0000000008007d30                ADC_TempSensorVrefintCmd
 .text.ADC_RegularChannelConfig
                0x0000000008007d48      0x104 build_ak-base-kit-stm32l151-application/stm32l1xx_adc.o
                0x0000000008007d48                ADC_RegularChannelConfig
 .text.ADC_SoftwareStartConv
                0x0000000008007e4c        0xa build_ak-base-kit-stm32l151-application/stm32l1xx_adc.o
                0x0000000008007e4c                ADC_SoftwareStartConv
 .text.ADC_GetConversionValue
                0x0000000008007e56        0x6 build_ak-base-kit-stm32l151-application/stm32l1xx_adc.o
                0x0000000008007e56                ADC_GetConversionValue
 .text.ADC_GetFlagStatus
                0x0000000008007e5c        0xc build_ak-base-kit-stm32l151-application/stm32l1xx_adc.o
                0x0000000008007e5c                ADC_GetFlagStatus
 .text.PWR_UltraLowPowerCmd
                0x0000000008007e68        0xc build_ak-base-kit-stm32l151-application/stm32l1xx_pwr.o
                0x0000000008007e68                PWR_UltraLowPowerCmd
 .text.PWR_EnterSTOPMode
                0x0000000008007e74       0x34 build_ak-base-kit-stm32l151-application/stm32l1xx_pwr.o
                0x0000000008007e74                PWR_EnterSTOPMode
 .text.FLASH_Lock
                0x0000000008007ea8       0x10 build_ak-base-kit-stm32l151-application/stm32l1xx_flash.o
                0x0000000008007ea8                FLASH_Lock
 .text.DATA_EEPROM_Unlock
                0x0000000008007eb8       0x20 build_ak-base-kit-stm32l151-application/stm32l1xx_flash.o
                0x0000000008007eb8                DATA_EEPROM_Unlock
 .text.FLASH_Unlock
                0x0000000008007ed8       0x2c build_ak-base-kit-stm32l151-application/stm32l1xx_flash.o
                0x0000000008007ed8                FLASH_Unlock
 .text.DATA_EEPROM_Lock
                0x0000000008007f04       0x10 build_ak-base-kit-stm32l151-application/stm32l1xx_flash.o
                0x0000000008007f04                DATA_EEPROM_Lock
 .text.FLASH_OB_Unlock
                0x0000000008007f14       0x2c build_ak-base-kit-stm32l151-application/stm32l1xx_flash.o
                0x0000000008007f14                FLASH_OB_Unlock
 .text.FLASH_OB_Launch
                0x0000000008007f40       0x10 build_ak-base-kit-stm32l151-application/stm32l1xx_flash.o
                0x0000000008007f40                FLASH_OB_Launch
 .text.FLASH_OB_GetBOR
                0x0000000008007f50       0x10 build_ak-base-kit-stm32l151-application/stm32l1xx_flash.o
                0x0000000008007f50                FLASH_OB_GetBOR
 .text.FLASH_ClearFlag
                0x0000000008007f60        0xc build_ak-base-kit-stm32l151-application/stm32l1xx_flash.o
                0x0000000008007f60                FLASH_ClearFlag
 .text.FLASH_GetStatus
                0x0000000008007f6c       0x28 build_ak-base-kit-stm32l151-application/stm32l1xx_flash.o
                0x0000000008007f6c                FLASH_GetStatus
 .text.FLASH_WaitForLastOperation
                0x0000000008007f94       0x3c build_ak-base-kit-stm32l151-application/stm32l1xx_flash.o
                0x0000000008007f94                FLASH_WaitForLastOperation
 .text.FLASH_ErasePage
                0x0000000008007fd0       0x44 build_ak-base-kit-stm32l151-application/stm32l1xx_flash.o
                0x0000000008007fd0                FLASH_ErasePage
 .text.FLASH_FastProgramWord
                0x0000000008008014       0x22 build_ak-base-kit-stm32l151-application/stm32l1xx_flash.o
                0x0000000008008014                FLASH_FastProgramWord
 .text.DATA_EEPROM_EraseWord
                0x0000000008008036       0x16 build_ak-base-kit-stm32l151-application/stm32l1xx_flash.o
                0x0000000008008036                DATA_EEPROM_EraseWord
 .text.DATA_EEPROM_FastProgramWord
                0x000000000800804c       0x30 build_ak-base-kit-stm32l151-application/stm32l1xx_flash.o
                0x000000000800804c                DATA_EEPROM_FastProgramWord
 .text.DATA_EEPROM_ProgramByte
                0x000000000800807c       0x4c build_ak-base-kit-stm32l151-application/stm32l1xx_flash.o
                0x000000000800807c                DATA_EEPROM_ProgramByte
 .text.FLASH_OB_BORConfig
                0x00000000080080c8       0x3c build_ak-base-kit-stm32l151-application/stm32l1xx_flash.o
                0x00000000080080c8                FLASH_OB_BORConfig
 .text.IWDG_WriteAccessCmd
                0x0000000008008104        0xc build_ak-base-kit-stm32l151-application/stm32l1xx_iwdg.o
                0x0000000008008104                IWDG_WriteAccessCmd
 .text.IWDG_SetPrescaler
                0x0000000008008110        0xc build_ak-base-kit-stm32l151-application/stm32l1xx_iwdg.o
                0x0000000008008110                IWDG_SetPrescaler
 .text.IWDG_SetReload
                0x000000000800811c        0xc build_ak-base-kit-stm32l151-application/stm32l1xx_iwdg.o
                0x000000000800811c                IWDG_SetReload
 .text.IWDG_ReloadCounter
                0x0000000008008128       0x10 build_ak-base-kit-stm32l151-application/stm32l1xx_iwdg.o
                0x0000000008008128                IWDG_ReloadCounter
 .text.IWDG_Enable
                0x0000000008008138       0x10 build_ak-base-kit-stm32l151-application/stm32l1xx_iwdg.o
                0x0000000008008138                IWDG_Enable
 .text.I2C_SendData
                0x0000000008008148        0x4 build_ak-base-kit-stm32l151-application/stm32l1xx_i2c.o
                0x0000000008008148                I2C_SendData
 .text.I2C_CheckEvent
                0x000000000800814c       0x18 build_ak-base-kit-stm32l151-application/stm32l1xx_i2c.o
                0x000000000800814c                I2C_CheckEvent
 .text.disable_interrupts
                0x0000000008008164       0x10 build_ak-base-kit-stm32l151-application/platform.o
                0x0000000008008164                disable_interrupts
 .text.entry_critical
                0x0000000008008174       0x14 build_ak-base-kit-stm32l151-application/platform.o
                0x0000000008008174                entry_critical
 .text.exit_critical
                0x0000000008008188       0x30 build_ak-base-kit-stm32l151-application/platform.o
                0x0000000008008188                exit_critical
 .text.default_handler
                0x00000000080081b8       0x1c build_ak-base-kit-stm32l151-application/system.o
                0x00000000080081b8                svc_handler
                0x00000000080081b8                default_handler
                0x00000000080081b8                dg_monitor_handler
                0x00000000080081b8                pendsv_handler
 .text.nmi_handler
                0x00000000080081d4       0x1c build_ak-base-kit-stm32l151-application/system.o
                0x00000000080081d4                nmi_handler
 .text.hard_fault_handler
                0x00000000080081f0       0x1c build_ak-base-kit-stm32l151-application/system.o
                0x00000000080081f0                hard_fault_handler
 .text.mem_manage_handler
                0x000000000800820c       0x1c build_ak-base-kit-stm32l151-application/system.o
                0x000000000800820c                mem_manage_handler
 .text.bus_fault_handler
                0x0000000008008228       0x1c build_ak-base-kit-stm32l151-application/system.o
                0x0000000008008228                bus_fault_handler
 .text.usage_fault_handler
                0x0000000008008244       0x1c build_ak-base-kit-stm32l151-application/system.o
                0x0000000008008244                usage_fault_handler
 .text.systick_handler
                0x0000000008008260       0x40 build_ak-base-kit-stm32l151-application/system.o
                0x0000000008008260                systick_handler
 .text.uart1_irq
                0x00000000080082a0       0x64 build_ak-base-kit-stm32l151-application/system.o
                0x00000000080082a0                uart1_irq
 .text.exti_line1_irq
                0x0000000008008304       0x1c build_ak-base-kit-stm32l151-application/system.o
                0x0000000008008304                exti_line1_irq
 .text.timer7_irq
                0x0000000008008320       0x24 build_ak-base-kit-stm32l151-application/system.o
                0x0000000008008320                timer7_irq
 .text.sys_ctrl_delay
                0x0000000008008344        0xc build_ak-base-kit-stm32l151-application/system.o
                0x0000000008008344                sys_ctrl_delay
 .text.sys_ctrl_millis
                0x0000000008008350       0x1c build_ak-base-kit-stm32l151-application/system.o
                0x0000000008008350                sys_ctrl_millis
 .text._init    0x000000000800836c        0x2 build_ak-base-kit-stm32l151-application/system.o
                0x000000000800836c                _init
 .text._fini    0x000000000800836e        0x2 build_ak-base-kit-stm32l151-application/system.o
                0x000000000800836e                _fini
 .text.sys_stack_count_init
                0x0000000008008370       0x3c build_ak-base-kit-stm32l151-application/system.o
                0x0000000008008370                sys_stack_count_init
 .text.reset_handler
                0x00000000080083ac       0xc8 build_ak-base-kit-stm32l151-application/system.o
                0x00000000080083ac                reset_handler
 .text.sys_stack_usage
                0x0000000008008474       0x20 build_ak-base-kit-stm32l151-application/system.o
                0x0000000008008474                sys_stack_usage
 .text.sys_stack_get_size
                0x0000000008008494        0xc build_ak-base-kit-stm32l151-application/system.o
                0x0000000008008494                sys_stack_get_size
 .text.sys_ctrl_shell_put_char_block
                0x00000000080084a0       0x2c build_ak-base-kit-stm32l151-application/sys_cfg.o
                0x00000000080084a0                sys_ctrl_shell_put_char_block
 .text.sys_cfg_clock
                0x00000000080084cc       0x22 build_ak-base-kit-stm32l151-application/sys_cfg.o
                0x00000000080084cc                sys_cfg_clock
 *fill*         0x00000000080084ee        0x2 
 .text.sys_cfg_tick
                0x00000000080084f0       0x50 build_ak-base-kit-stm32l151-application/sys_cfg.o
                0x00000000080084f0                sys_cfg_tick
 .text.sys_cfg_svc
                0x0000000008008540       0x30 build_ak-base-kit-stm32l151-application/sys_cfg.o
                0x0000000008008540                sys_cfg_svc
 .text.sys_cfg_pendsv
                0x0000000008008570       0x34 build_ak-base-kit-stm32l151-application/sys_cfg.o
                0x0000000008008570                sys_cfg_pendsv
 .text.sys_cfg_update_info
                0x00000000080085a4      0x108 build_ak-base-kit-stm32l151-application/sys_cfg.o
                0x00000000080085a4                sys_cfg_update_info
 .text.sys_ctrl_shell_sw_to_block
                0x00000000080086ac       0x38 build_ak-base-kit-stm32l151-application/sys_cfg.o
                0x00000000080086ac                sys_ctrl_shell_sw_to_block
 .text.sys_cfg_console
                0x00000000080086e4       0xd8 build_ak-base-kit-stm32l151-application/sys_cfg.o
                0x00000000080086e4                sys_cfg_console
 .text.sys_ctrl_shell_get_char
                0x00000000080087bc       0x34 build_ak-base-kit-stm32l151-application/sys_cfg.o
                0x00000000080087bc                sys_ctrl_shell_get_char
 .text.sys_ctrl_reset
                0x00000000080087f0       0x20 build_ak-base-kit-stm32l151-application/sys_cfg.o
                0x00000000080087f0                sys_ctrl_reset
 .text.sys_ctrl_delay_us
                0x0000000008008810       0x58 build_ak-base-kit-stm32l151-application/sys_cfg.o
                0x0000000008008810                sys_ctrl_delay_us
 .text.sys_ctrl_delay_ms
                0x0000000008008868       0x1e build_ak-base-kit-stm32l151-application/sys_cfg.o
                0x0000000008008868                sys_ctrl_delay_ms
 *fill*         0x0000000008008886        0x2 
 .text.sys_ctr_stop_mcu
                0x0000000008008888       0xa8 build_ak-base-kit-stm32l151-application/sys_cfg.o
                0x0000000008008888                sys_ctr_stop_mcu
 .text.sys_ctrl_independent_watchdog_init
                0x0000000008008930       0x24 build_ak-base-kit-stm32l151-application/sys_cfg.o
                0x0000000008008930                sys_ctrl_independent_watchdog_init
 .text.sys_ctrl_independent_watchdog_reset
                0x0000000008008954       0x12 build_ak-base-kit-stm32l151-application/sys_cfg.o
                0x0000000008008954                sys_ctrl_independent_watchdog_reset
 *fill*         0x0000000008008966        0x2 
 .text.sys_ctrl_soft_watchdog_init
                0x0000000008008968       0x68 build_ak-base-kit-stm32l151-application/sys_cfg.o
                0x0000000008008968                sys_ctrl_soft_watchdog_init
 .text.sys_ctrl_soft_watchdog_reset
                0x00000000080089d0       0x18 build_ak-base-kit-stm32l151-application/sys_cfg.o
                0x00000000080089d0                sys_ctrl_soft_watchdog_reset
 .text.sys_ctrl_soft_watchdog_increase_counter
                0x00000000080089e8       0x40 build_ak-base-kit-stm32l151-application/sys_cfg.o
                0x00000000080089e8                sys_ctrl_soft_watchdog_increase_counter
 .text.sys_ctrl_get_firmware_info
                0x0000000008008a28       0x40 build_ak-base-kit-stm32l151-application/sys_cfg.o
                0x0000000008008a28                sys_ctrl_get_firmware_info
 .text.task_irq_io_entry_trigger
                0x0000000008008a68        0x2 build_ak-base-kit-stm32l151-application/sys_cfg.o
                0x0000000008008a68                task_irq_io_entry_trigger
 .text.task_irq_io_exit_trigger
                0x0000000008008a6a        0x2 build_ak-base-kit-stm32l151-application/sys_cfg.o
                0x0000000008008a6a                task_irq_io_exit_trigger
 .text.io_button_mode_init
                0x0000000008008a6c       0x28 build_ak-base-kit-stm32l151-application/io_cfg.o
                0x0000000008008a6c                io_button_mode_init
 .text.io_button_up_init
                0x0000000008008a94       0x28 build_ak-base-kit-stm32l151-application/io_cfg.o
                0x0000000008008a94                io_button_up_init
 .text.io_button_down_init
                0x0000000008008abc       0x28 build_ak-base-kit-stm32l151-application/io_cfg.o
                0x0000000008008abc                io_button_down_init
 .text.io_button_mode_read
                0x0000000008008ae4        0xc build_ak-base-kit-stm32l151-application/io_cfg.o
                0x0000000008008ae4                io_button_mode_read
 .text.io_button_up_read
                0x0000000008008af0       0x10 build_ak-base-kit-stm32l151-application/io_cfg.o
                0x0000000008008af0                io_button_up_read
 .text.io_button_down_read
                0x0000000008008b00        0xc build_ak-base-kit-stm32l151-application/io_cfg.o
                0x0000000008008b00                io_button_down_read
 .text.led_life_init
                0x0000000008008b0c       0x28 build_ak-base-kit-stm32l151-application/io_cfg.o
                0x0000000008008b0c                led_life_init
 .text.led_life_on
                0x0000000008008b34       0x10 build_ak-base-kit-stm32l151-application/io_cfg.o
                0x0000000008008b34                led_life_on
 .text.led_life_off
                0x0000000008008b44       0x10 build_ak-base-kit-stm32l151-application/io_cfg.o
                0x0000000008008b44                led_life_off
 .text.flash_io_ctrl_init
                0x0000000008008b54       0x28 build_ak-base-kit-stm32l151-application/io_cfg.o
                0x0000000008008b54                flash_io_ctrl_init
 .text.flash_cs_low
                0x0000000008008b7c       0x10 build_ak-base-kit-stm32l151-application/io_cfg.o
                0x0000000008008b7c                flash_cs_low
 .text.flash_cs_high
                0x0000000008008b8c       0x10 build_ak-base-kit-stm32l151-application/io_cfg.o
                0x0000000008008b8c                flash_cs_high
 .text.flash_transfer
                0x0000000008008b9c       0x98 build_ak-base-kit-stm32l151-application/io_cfg.o
                0x0000000008008b9c                flash_transfer
 .text.io_cfg_adc1
                0x0000000008008c34       0x48 build_ak-base-kit-stm32l151-application/io_cfg.o
                0x0000000008008c34                io_cfg_adc1
 .text.adc_bat_io_cfg
                0x0000000008008c7c       0x2c build_ak-base-kit-stm32l151-application/io_cfg.o
                0x0000000008008c7c                adc_bat_io_cfg
 .text.sys_ctr_get_vbat_voltage
                0x0000000008008ca8       0x90 build_ak-base-kit-stm32l151-application/io_cfg.o
                0x0000000008008ca8                sys_ctr_get_vbat_voltage
 .text.sys_ctr_get_mcu_temperature
                0x0000000008008d38       0x6c build_ak-base-kit-stm32l151-application/io_cfg.o
                0x0000000008008d38                sys_ctr_get_mcu_temperature
 .text.oled_clk_input_mode
                0x0000000008008da4       0x28 build_ak-base-kit-stm32l151-application/io_cfg.o
                0x0000000008008da4                oled_clk_input_mode
 .text.oled_clk_output_mode
                0x0000000008008dcc       0x28 build_ak-base-kit-stm32l151-application/io_cfg.o
                0x0000000008008dcc                oled_clk_output_mode
 .text.oled_clk_digital_write_low
                0x0000000008008df4       0x10 build_ak-base-kit-stm32l151-application/io_cfg.o
                0x0000000008008df4                oled_clk_digital_write_low
 .text.oled_clk_digital_write_high
                0x0000000008008e04       0x10 build_ak-base-kit-stm32l151-application/io_cfg.o
                0x0000000008008e04                oled_clk_digital_write_high
 .text.oled_data_input_mode
                0x0000000008008e14       0x28 build_ak-base-kit-stm32l151-application/io_cfg.o
                0x0000000008008e14                oled_data_input_mode
 .text.oled_data_output_mode
                0x0000000008008e3c       0x28 build_ak-base-kit-stm32l151-application/io_cfg.o
                0x0000000008008e3c                oled_data_output_mode
 .text.oled_data_digital_write_low
                0x0000000008008e64       0x10 build_ak-base-kit-stm32l151-application/io_cfg.o
                0x0000000008008e64                oled_data_digital_write_low
 .text.oled_data_digital_write_high
                0x0000000008008e74       0x10 build_ak-base-kit-stm32l151-application/io_cfg.o
                0x0000000008008e74                oled_data_digital_write_high
 .text.oled_res_input_mode
                0x0000000008008e84       0x28 build_ak-base-kit-stm32l151-application/io_cfg.o
                0x0000000008008e84                oled_res_input_mode
 .text.oled_res_output_mode
                0x0000000008008eac       0x28 build_ak-base-kit-stm32l151-application/io_cfg.o
                0x0000000008008eac                oled_res_output_mode
 .text.oled_res_digital_write_low
                0x0000000008008ed4       0x10 build_ak-base-kit-stm32l151-application/io_cfg.o
                0x0000000008008ed4                oled_res_digital_write_low
 .text.oled_res_digital_write_high
                0x0000000008008ee4       0x10 build_ak-base-kit-stm32l151-application/io_cfg.o
                0x0000000008008ee4                oled_res_digital_write_high
 .text.io_eeprom_read
                0x0000000008008ef4       0x34 build_ak-base-kit-stm32l151-application/io_cfg.o
                0x0000000008008ef4                io_eeprom_read
 .text.io_eeprom_erase
                0x0000000008008f28       0x4c build_ak-base-kit-stm32l151-application/io_cfg.o
                0x0000000008008f28                io_eeprom_erase
 .text.internal_flash_unlock
                0x0000000008008f74       0x12 build_ak-base-kit-stm32l151-application/io_cfg.o
                0x0000000008008f74                internal_flash_unlock
 .text.internal_flash_lock
                0x0000000008008f86        0x4 build_ak-base-kit-stm32l151-application/io_cfg.o
                0x0000000008008f86                internal_flash_lock
 .text.internal_flash_erase_pages_cal
                0x0000000008008f8a       0x24 build_ak-base-kit-stm32l151-application/io_cfg.o
                0x0000000008008f8a                internal_flash_erase_pages_cal
 .text.internal_flash_write_cal
                0x0000000008008fae       0x48 build_ak-base-kit-stm32l151-application/io_cfg.o
                0x0000000008008fae                internal_flash_write_cal
 *fill*         0x0000000008008ff6        0x2 
 .text.io_uart2_cfg
                0x0000000008008ff8       0xbc build_ak-base-kit-stm32l151-application/io_cfg.o
                0x0000000008008ff8                io_uart2_cfg
 .text.io_uart_rs485_cfg
                0x00000000080090b4       0x78 build_ak-base-kit-stm32l151-application/io_cfg.o
                0x00000000080090b4                io_uart_rs485_cfg
 .text.io_rs485_dir_mode_output
                0x000000000800912c       0x30 build_ak-base-kit-stm32l151-application/io_cfg.o
                0x000000000800912c                io_rs485_dir_mode_output
 .text.io_rs485_dir_low
                0x000000000800915c        0xc build_ak-base-kit-stm32l151-application/io_cfg.o
                0x000000000800915c                io_rs485_dir_low
 .text.io_rs485_dir_high
                0x0000000008009168        0xc build_ak-base-kit-stm32l151-application/io_cfg.o
                0x0000000008009168                io_rs485_dir_high
 .text.SystemInit
                0x0000000008009174      0x114 build_ak-base-kit-stm32l151-application/system_stm32l1xx.o
                0x0000000008009174                SystemInit
 .text.SystemCoreClockUpdate
                0x0000000008009288       0x88 build_ak-base-kit-stm32l151-application/system_stm32l1xx.o
                0x0000000008009288                SystemCoreClockUpdate
 .text._ZL13view_scr_idlev
                0x0000000008009310       0x34 build_ak-base-kit-stm32l151-application/scr_idle.o
 .text._ZN4ballC2Ev
                0x0000000008009344       0x66 build_ak-base-kit-stm32l151-application/scr_idle.o
                0x0000000008009344                ball::ball()
                0x0000000008009344                ball::ball()
 *fill*         0x00000000080093aa        0x2 
 .text._ZNSt6vectorI4ballSaIS0_EE17_M_realloc_insertIJRKS0_EEEvN9__gnu_cxx17__normal_iteratorIPS0_S2_EEDpOT_
                0x00000000080093ac      0x110 build_ak-base-kit-stm32l151-application/scr_idle.o
                0x00000000080093ac                void std::vector<ball, std::allocator<ball> >::_M_realloc_insert<ball const&>(__gnu_cxx::__normal_iterator<ball*, std::vector<ball, std::allocator<ball> > >, ball const&)
 .text._ZNSt6vectorI4ballSaIS0_EE9push_backERKS0_
                0x00000000080094bc       0x2c build_ak-base-kit-stm32l151-application/scr_idle.o
                0x00000000080094bc                std::vector<ball, std::allocator<ball> >::push_back(ball const&)
 .text._Z15scr_idle_handleP8ak_msg_t
                0x00000000080094e8      0x1a8 build_ak-base-kit-stm32l151-application/scr_idle.o
                0x00000000080094e8                scr_idle_handle(ak_msg_t*)
 .text.startup._GLOBAL__sub_I_dyn_view_idle
                0x0000000008009690       0x10 build_ak-base-kit-stm32l151-application/scr_idle.o
 .text.exit._GLOBAL__sub_D_dyn_view_idle
                0x00000000080096a0       0x10 build_ak-base-kit-stm32l151-application/scr_idle.o
 .text._ZL16view_scr_startupv
                0x00000000080096b0       0x94 build_ak-base-kit-stm32l151-application/scr_startup.o
 .text._Z18scr_startup_handleP8ak_msg_t
                0x0000000008009744       0x8c build_ak-base-kit-stm32l151-application/scr_startup.o
                0x0000000008009744                scr_startup_handle(ak_msg_t*)
 .text._ZL4rng8v
                0x00000000080097d0       0x1c build_ak-base-kit-stm32l151-application/scr_game.o
 .text._ZL8do_shootv
                0x00000000080097ec       0x60 build_ak-base-kit-stm32l151-application/scr_game.o
 .text._ZL10level_inith
                0x000000000800984c      0x1e8 build_ak-base-kit-stm32l151-application/scr_game.o
 .text._ZL10game_resetv
                0x0000000008009a34       0x24 build_ak-base-kit-stm32l151-application/scr_game.o
 .text._Z15scr_game_handleP8ak_msg_t
                0x0000000008009a58      0x734 build_ak-base-kit-stm32l151-application/scr_game.o
                0x0000000008009a58                scr_game_handle(ak_msg_t*)
 .text._ZL10draw_enemysshb
                0x000000000800a18c       0xe0 build_ak-base-kit-stm32l151-application/scr_game.o
 .text._ZL13view_scr_gamev
                0x000000000800a26c      0x3ac build_ak-base-kit-stm32l151-application/scr_game.o
 .text._Z11task_systemP8ak_msg_t
                0x000000000800a618       0x44 build_ak-base-kit-stm32l151-application/task_system.o
                0x000000000800a618                task_system(ak_msg_t*)
 .text.main_app
                0x000000000800a65c      0x290 build_ak-base-kit-stm32l151-application/app.o
                0x000000000800a65c                main_app
 .text._Z19task_polling_zigbeev
                0x000000000800a8ec        0x2 build_ak-base-kit-stm32l151-application/app.o
                0x000000000800a8ec                task_polling_zigbee()
 *fill*         0x000000000800a8ee        0x2 
 .text._Z20task_polling_consolev
                0x000000000800a8f0       0xd8 build_ak-base-kit-stm32l151-application/app.o
                0x000000000800a8f0                task_polling_console()
 .text.sys_irq_timer_10ms
                0x000000000800a9c8       0x24 build_ak-base-kit-stm32l151-application/app.o
                0x000000000800a9c8                sys_irq_timer_10ms
 .text._Z17btn_mode_callbackPv
                0x000000000800a9ec       0x58 build_ak-base-kit-stm32l151-application/app_bsp.o
                0x000000000800a9ec                btn_mode_callback(void*)
 .text._Z15btn_up_callbackPv
                0x000000000800aa44       0x58 build_ak-base-kit-stm32l151-application/app_bsp.o
                0x000000000800aa44                btn_up_callback(void*)
 .text._Z17btn_down_callbackPv
                0x000000000800aa9c       0x58 build_ak-base-kit-stm32l151-application/app_bsp.o
                0x000000000800aa9c                btn_down_callback(void*)
 .text._Z22updateDataModbusDeviceP21ModbusDeviceStructure
                0x000000000800aaf4       0xc4 build_ak-base-kit-stm32l151-application/app_modbus_pull.o
                0x000000000800aaf4                updateDataModbusDevice(ModbusDeviceStructure*)
 .text._ZL19str_parser_get_attrh
                0x000000000800abb8       0x1c build_ak-base-kit-stm32l151-application/shell.o
 .text._Z9shell_sttPh
                0x000000000800abd4        0x4 build_ak-base-kit-stm32l151-application/shell.o
                0x000000000800abd4                shell_stt(unsigned char*)
 .text._Z9shell_psvPh
                0x000000000800abd8       0x14 build_ak-base-kit-stm32l151-application/shell.o
                0x000000000800abd8                shell_psv(unsigned char*)
 .text._Z11shell_resetPh
                0x000000000800abec       0x10 build_ak-base-kit-stm32l151-application/shell.o
                0x000000000800abec                shell_reset(unsigned char*)
 .text._Z10shell_helpPh
                0x000000000800abfc       0x30 build_ak-base-kit-stm32l151-application/shell.o
                0x000000000800abfc                shell_help(unsigned char*)
 .text._Z9shell_verPh
                0x000000000800ac2c      0x118 build_ak-base-kit-stm32l151-application/shell.o
                0x000000000800ac2c                shell_ver(unsigned char*)
 .text._Z12shell_rebootPh
                0x000000000800ad44       0x10 build_ak-base-kit-stm32l151-application/shell.o
                0x000000000800ad44                shell_reboot(unsigned char*)
 .text._ZL10str_parserPc
                0x000000000800ad54       0x60 build_ak-base-kit-stm32l151-application/shell.o
 .text._Z11shell_fatalPh
                0x000000000800adb4      0x2f4 build_ak-base-kit-stm32l151-application/shell.o
                0x000000000800adb4                shell_fatal(unsigned char*)
 .text._Z11shell_flashPh
                0x000000000800b0a8      0x150 build_ak-base-kit-stm32l151-application/shell.o
                0x000000000800b0a8                shell_flash(unsigned char*)
 .text._Z9shell_epsPh
                0x000000000800b1f8       0xd0 build_ak-base-kit-stm32l151-application/shell.o
                0x000000000800b1f8                shell_eps(unsigned char*)
 .text._Z9shell_ramPh
                0x000000000800b2c8      0x20c build_ak-base-kit-stm32l151-application/shell.o
                0x000000000800b2c8                shell_ram(unsigned char*)
 .text._Z10shell_bootPh
                0x000000000800b4d4       0xdc build_ak-base-kit-stm32l151-application/shell.o
                0x000000000800b4d4                shell_boot(unsigned char*)
 .text._Z9shell_fwuPh
                0x000000000800b5b0       0x34 build_ak-base-kit-stm32l151-application/shell.o
                0x000000000800b5b0                shell_fwu(unsigned char*)
 .text._Z12shell_buzzerPh
                0x000000000800b5e4       0x78 build_ak-base-kit-stm32l151-application/shell.o
                0x000000000800b5e4                shell_buzzer(unsigned char*)
 .text._Z9shell_dbgPh
                0x000000000800b65c       0x38 build_ak-base-kit-stm32l151-application/shell.o
                0x000000000800b65c                shell_dbg(unsigned char*)
 .text._Z12shell_modbusPh
                0x000000000800b694       0xe0 build_ak-base-kit-stm32l151-application/shell.o
                0x000000000800b694                shell_modbus(unsigned char*)
 .text._Z9shell_epiPh
                0x000000000800b774        0x4 build_ak-base-kit-stm32l151-application/shell.o
                0x000000000800b774                shell_epi(unsigned char*)
 .text._Z9shell_lcdPh
                0x000000000800b778      0x1dc build_ak-base-kit-stm32l151-application/shell.o
                0x000000000800b778                shell_lcd(unsigned char*)
 .text.sys_irq_shell
                0x000000000800b954       0x2c build_ak-base-kit-stm32l151-application/task_shell.o
                0x000000000800b954                sys_irq_shell
 .text._Z10task_shellP8ak_msg_t
                0x000000000800b980       0x7c build_ak-base-kit-stm32l151-application/task_shell.o
                0x000000000800b980                task_shell(ak_msg_t*)
 .text._Z9task_lifeP8ak_msg_t
                0x000000000800b9fc       0x20 build_ak-base-kit-stm32l151-application/task_life.o
                0x000000000800b9fc                task_life(ak_msg_t*)
 .text._Z7task_fwP8ak_msg_t
                0x000000000800ba1c      0x490 build_ak-base-kit-stm32l151-application/task_fw.o
                0x000000000800ba1c                task_fw(ak_msg_t*)
 .text._Z12task_displayP8ak_msg_t
                0x000000000800beac        0x4 build_ak-base-kit-stm32l151-application/task_display.o
                0x000000000800beac                task_display(ak_msg_t*)
 .text._Z7task_ifP8ak_msg_t
                0x000000000800beb0       0xe4 build_ak-base-kit-stm32l151-application/task_if.o
                0x000000000800beb0                task_if(ak_msg_t*)
 .text._Z12task_rf24_ifP8ak_msg_t
                0x000000000800bf94        0x2 build_ak-base-kit-stm32l151-application/task_rf24_if.o
                0x000000000800bf94                task_rf24_if(ak_msg_t*)
 *fill*         0x000000000800bf96        0x2 
 .text._Z12task_uart_ifP8ak_msg_t
                0x000000000800bf98       0xc4 build_ak-base-kit-stm32l151-application/task_uart_if.o
                0x000000000800bf98                task_uart_if(ak_msg_t*)
 .text._Z8task_dbgP8ak_msg_t
                0x000000000800c05c        0x2 build_ak-base-kit-stm32l151-application/task_dbg.o
                0x000000000800c05c                task_dbg(ak_msg_t*)
 .text._ZL19view_render_dynamicPv
                0x000000000800c05e        0xa build_ak-base-kit-stm32l151-application/view_render.o
 .text._Z22view_render_display_onv
                0x000000000800c068        0xc build_ak-base-kit-stm32l151-application/view_render.o
                0x000000000800c068                view_render_display_on()
 .text.startup._GLOBAL__sub_I_view_render
                0x000000000800c074        0xc build_ak-base-kit-stm32l151-application/view_render.o
 .text.exit._GLOBAL__sub_D_view_render
                0x000000000800c080        0xc build_ak-base-kit-stm32l151-application/view_render.o
 .text._Z18view_render_screenP13view_screen_t
                0x000000000800c08c       0x68 build_ak-base-kit-stm32l151-application/view_render.o
                0x000000000800c08c                view_render_screen(view_screen_t*)
 .text._ZL21view_render_rectanglePv
                0x000000000800c0f4       0xe8 build_ak-base-kit-stm32l151-application/view_render.o
 .text._Z12scr_mng_ctorP9scr_mng_tPFvP8ak_msg_tEP13view_screen_t
                0x000000000800c1dc       0x30 build_ak-base-kit-stm32l151-application/screen_manager.o
                0x000000000800c1dc                scr_mng_ctor(scr_mng_t*, void (*)(ak_msg_t*), view_screen_t*)
 .text._Z16scr_mng_dispatchP8ak_msg_t
                0x000000000800c20c       0x6c build_ak-base-kit-stm32l151-application/screen_manager.o
                0x000000000800c20c                scr_mng_dispatch(ak_msg_t*)
 .text._Z12scr_mng_tranPFvP8ak_msg_tEP13view_screen_t
                0x000000000800c278       0x50 build_ak-base-kit-stm32l151-application/screen_manager.o
                0x000000000800c278                scr_mng_tran(void (*)(ak_msg_t*), view_screen_t*)
 .text._Z12scr_mng_backv
                0x000000000800c2c8       0x58 build_ak-base-kit-stm32l151-application/screen_manager.o
                0x000000000800c2c8                scr_mng_back()
 .text._ZN12Adafruit_GFX8drawLineEsssst
                0x000000000800c320       0xbe build_ak-base-kit-stm32l151-application/Adafruit_GFX.o
                0x000000000800c320                Adafruit_GFX::drawLine(short, short, short, short, unsigned short)
 .text._ZN12Adafruit_GFX8drawRectEsssst
                0x000000000800c3de       0x68 build_ak-base-kit-stm32l151-application/Adafruit_GFX.o
                0x000000000800c3de                Adafruit_GFX::drawRect(short, short, short, short, unsigned short)
 .text._ZN12Adafruit_GFX13drawFastVLineEssst
                0x000000000800c446       0x1c build_ak-base-kit-stm32l151-application/Adafruit_GFX.o
                0x000000000800c446                Adafruit_GFX::drawFastVLine(short, short, short, unsigned short)
 .text._ZN12Adafruit_GFX13drawFastHLineEssst
                0x000000000800c462       0x1a build_ak-base-kit-stm32l151-application/Adafruit_GFX.o
                0x000000000800c462                Adafruit_GFX::drawFastHLine(short, short, short, unsigned short)
 .text._ZN12Adafruit_GFX8fillRectEsssst
                0x000000000800c47c       0x38 build_ak-base-kit-stm32l151-application/Adafruit_GFX.o
                0x000000000800c47c                Adafruit_GFX::fillRect(short, short, short, short, unsigned short)
 .text._ZN12Adafruit_GFX10fillScreenEt
                0x000000000800c4b4       0x1c build_ak-base-kit-stm32l151-application/Adafruit_GFX.o
                0x000000000800c4b4                Adafruit_GFX::fillScreen(unsigned short)
 .text._ZN12Adafruit_GFXC2Ess
                0x000000000800c4d0       0x28 build_ak-base-kit-stm32l151-application/Adafruit_GFX.o
                0x000000000800c4d0                Adafruit_GFX::Adafruit_GFX(short, short)
                0x000000000800c4d0                Adafruit_GFX::Adafruit_GFX(short, short)
 .text._ZN12Adafruit_GFX10drawCircleEssst
                0x000000000800c4f8      0x172 build_ak-base-kit-stm32l151-application/Adafruit_GFX.o
                0x000000000800c4f8                Adafruit_GFX::drawCircle(short, short, short, unsigned short)
 *fill*         0x000000000800c66a        0x2 
 .text._ZN12Adafruit_GFX8drawCharEsshtth
                0x000000000800c66c      0x108 build_ak-base-kit-stm32l151-application/Adafruit_GFX.o
                0x000000000800c66c                Adafruit_GFX::drawChar(short, short, unsigned char, unsigned short, unsigned short, unsigned char)
 .text._ZN12Adafruit_GFX5writeEh
                0x000000000800c774       0x64 build_ak-base-kit-stm32l151-application/Adafruit_GFX.o
                0x000000000800c774                Adafruit_GFX::write(unsigned char)
 .text._ZN12Adafruit_GFX9setCursorEss
                0x000000000800c7d8        0x6 build_ak-base-kit-stm32l151-application/Adafruit_GFX.o
                0x000000000800c7d8                Adafruit_GFX::setCursor(short, short)
 .text._ZN12Adafruit_GFX11setTextSizeEh
                0x000000000800c7de        0xa build_ak-base-kit-stm32l151-application/Adafruit_GFX.o
                0x000000000800c7de                Adafruit_GFX::setTextSize(unsigned char)
 .text._ZN12Adafruit_GFX12setTextColorEt
                0x000000000800c7e8        0x6 build_ak-base-kit-stm32l151-application/Adafruit_GFX.o
                0x000000000800c7e8                Adafruit_GFX::setTextColor(unsigned short)
 .text._ZN12Adafruit_GFX5widthEv
                0x000000000800c7ee        0x6 build_ak-base-kit-stm32l151-application/Adafruit_GFX.o
                0x000000000800c7ee                Adafruit_GFX::width()
 .text._ZN12Adafruit_GFX6heightEv
                0x000000000800c7f4        0x6 build_ak-base-kit-stm32l151-application/Adafruit_GFX.o
                0x000000000800c7f4                Adafruit_GFX::height()
 .text._ZN17Adafruit_oled_drv9updateRowEii
                0x000000000800c7fa       0x1e build_ak-base-kit-stm32l151-application/Adafruit_oled_drv.o
                0x000000000800c7fa                Adafruit_oled_drv::updateRow(int, int)
 .text._ZN17Adafruit_oled_drv9drawPixelEsst
                0x000000000800c818       0x52 build_ak-base-kit-stm32l151-application/Adafruit_oled_drv.o
                0x000000000800c818                Adafruit_oled_drv::drawPixel(short, short, unsigned short)
 *fill*         0x000000000800c86a        0x2 
 .text._ZN17Adafruit_oled_drvC2Ev
                0x000000000800c86c       0x28 build_ak-base-kit-stm32l151-application/Adafruit_oled_drv.o
                0x000000000800c86c                Adafruit_oled_drv::Adafruit_oled_drv()
                0x000000000800c86c                Adafruit_oled_drv::Adafruit_oled_drv()
 .text._ZN17Adafruit_oled_drvD2Ev
                0x000000000800c894        0x2 build_ak-base-kit-stm32l151-application/Adafruit_oled_drv.o
                0x000000000800c894                Adafruit_oled_drv::~Adafruit_oled_drv()
                0x000000000800c894                Adafruit_oled_drv::~Adafruit_oled_drv()
 .text._ZN17Adafruit_oled_drv5clearEb
                0x000000000800c896       0x22 build_ak-base-kit-stm32l151-application/Adafruit_oled_drv.o
                0x000000000800c896                Adafruit_oled_drv::clear(bool)
 .text._ZNK17Adafruit_oled_drv14getFrameBufferEv
                0x000000000800c8b8        0x4 build_ak-base-kit-stm32l151-application/Adafruit_oled_drv.o
                0x000000000800c8b8                Adafruit_oled_drv::getFrameBuffer() const
 .text._ZNK17Adafruit_oled_drv18getFrameBufferSizeEv
                0x000000000800c8bc        0x6 build_ak-base-kit-stm32l151-application/Adafruit_oled_drv.o
                0x000000000800c8bc                Adafruit_oled_drv::getFrameBufferSize() const
 .text._ZN17Adafruit_oled_drv9writeByteEh
                0x000000000800c8c2       0x54 build_ak-base-kit-stm32l151-application/Adafruit_oled_drv.o
                0x000000000800c8c2                Adafruit_oled_drv::writeByte(unsigned char)
 .text._ZN17Adafruit_oled_drv8startIICEv
                0x000000000800c916       0x2c build_ak-base-kit-stm32l151-application/Adafruit_oled_drv.o
                0x000000000800c916                Adafruit_oled_drv::startIIC()
 .text._ZN17Adafruit_oled_drv7stopIICEv
                0x000000000800c942       0x2c build_ak-base-kit-stm32l151-application/Adafruit_oled_drv.o
                0x000000000800c942                Adafruit_oled_drv::stopIIC()
 .text._ZN17Adafruit_oled_drv12writeCommandEh
                0x000000000800c96e       0x2c build_ak-base-kit-stm32l151-application/Adafruit_oled_drv.o
                0x000000000800c96e                Adafruit_oled_drv::writeCommand(unsigned char)
 *fill*         0x000000000800c99a        0x2 
 .text._ZN17Adafruit_oled_drv10initializeEv
                0x000000000800c99c      0x120 build_ak-base-kit-stm32l151-application/Adafruit_oled_drv.o
                0x000000000800c99c                Adafruit_oled_drv::initialize()
 .text._ZN17Adafruit_oled_drv10display_onEv
                0x000000000800cabc        0x6 build_ak-base-kit-stm32l151-application/Adafruit_oled_drv.o
                0x000000000800cabc                Adafruit_oled_drv::display_on()
 .text._ZN17Adafruit_oled_drv11display_offEv
                0x000000000800cac2        0x6 build_ak-base-kit-stm32l151-application/Adafruit_oled_drv.o
                0x000000000800cac2                Adafruit_oled_drv::display_off()
 .text._ZN17Adafruit_oled_drv17startDataSequenceEv
                0x000000000800cac8       0x1c build_ak-base-kit-stm32l151-application/Adafruit_oled_drv.o
                0x000000000800cac8                Adafruit_oled_drv::startDataSequence()
 .text._ZN17Adafruit_oled_drv6updateEv
                0x000000000800cae4       0x4e build_ak-base-kit-stm32l151-application/Adafruit_oled_drv.o
                0x000000000800cae4                Adafruit_oled_drv::update()
 .text._ZN17Adafruit_oled_drv9updateRowEi
                0x000000000800cb32       0x6c build_ak-base-kit-stm32l151-application/Adafruit_oled_drv.o
                0x000000000800cb32                Adafruit_oled_drv::updateRow(int)
 .text.eeprom_read
                0x000000000800cb9e        0x4 build_ak-base-kit-stm32l151-application/eeprom.o
                0x000000000800cb9e                eeprom_read
 .text.eeprom_erase
                0x000000000800cba2        0x4 build_ak-base-kit-stm32l151-application/eeprom.o
                0x000000000800cba2                eeprom_erase
 .text._ZL19link_hal_write_byteh
                0x000000000800cba6        0x2 build_ak-base-kit-stm32l151-application/link_hal.o
 .text._ZL17link_hal_rev_byteh
                0x000000000800cba8        0x4 build_ak-base-kit-stm32l151-application/link_hal.o
 .text._Z23link_hal_reg_write_bytePFhhE
                0x000000000800cbac       0x28 build_ak-base-kit-stm32l151-application/link_hal.o
                0x000000000800cbac                link_hal_reg_write_byte(unsigned char (*)(unsigned char))
 .text._Z21link_hal_reg_rev_bytePFhhE
                0x000000000800cbd4       0x28 build_ak-base-kit-stm32l151-application/link_hal.o
                0x000000000800cbd4                link_hal_reg_rev_byte(unsigned char (*)(unsigned char))
 .text._ZL21fsm_link_state_handleP8ak_msg_t
                0x000000000800cbfc      0x2b0 build_ak-base-kit-stm32l151-application/link.o
 .text._ZL19fsm_link_state_initP8ak_msg_t
                0x000000000800ceac       0x80 build_ak-base-kit-stm32l151-application/link.o
 .text._Z9task_linkP8ak_msg_t
                0x000000000800cf2c        0xc build_ak-base-kit-stm32l151-application/link.o
                0x000000000800cf2c                task_link(ak_msg_t*)
 .text._Z23link_init_state_machinev
                0x000000000800cf38       0x2c build_ak-base-kit-stm32l151-application/link.o
                0x000000000800cf38                link_init_state_machine()
 .text._ZL23link_mac_frame_send_reqv
                0x000000000800cf64       0x3c build_ak-base-kit-stm32l151-application/link_mac.o
 .text._ZL23link_mac_frame_send_endv
                0x000000000800cfa0       0x34 build_ak-base-kit-stm32l151-application/link_mac.o
 .text._ZL28link_mac_frame_cals_checksumP16link_mac_frame_t.constprop.0
                0x000000000800cfd4       0x38 build_ak-base-kit-stm32l151-application/link_mac.o
 .text._Z25fsm_link_mac_state_handleP8ak_msg_t
                0x000000000800d00c      0x2b8 build_ak-base-kit-stm32l151-application/link_mac.o
                0x000000000800d00c                fsm_link_mac_state_handle(ak_msg_t*)
 .text._Z13task_link_macP8ak_msg_t
                0x000000000800d2c4        0xc build_ak-base-kit-stm32l151-application/link_mac.o
                0x000000000800d2c4                task_link_mac(ak_msg_t*)
 .text._Z23fsm_link_mac_state_initP8ak_msg_t
                0x000000000800d2d0       0x88 build_ak-base-kit-stm32l151-application/link_mac.o
                0x000000000800d2d0                fsm_link_mac_state_init(ak_msg_t*)
 .text._ZL26link_phy_frame_write_blockPhm
                0x000000000800d358       0x1c build_ak-base-kit-stm32l151-application/link_phy.o
 .text._ZL20link_phy_frame_writeP16link_phy_frame_t
                0x000000000800d374       0x1c build_ak-base-kit-stm32l151-application/link_phy.o
 .text._ZL28link_phy_frame_cals_checksumP16link_phy_frame_t
                0x000000000800d390       0x38 build_ak-base-kit-stm32l151-application/link_phy.o
 .text._ZL25link_phy_frame_write_byteh
                0x000000000800d3c8        0xc build_ak-base-kit-stm32l151-application/link_phy.o
 .text._ZL26ac_link_phy_frame_rev_byteh
                0x000000000800d3d4      0x100 build_ak-base-kit-stm32l151-application/link_phy.o
 .text._ZL19link_phy_frame_sendv
                0x000000000800d4d4       0x2c build_ak-base-kit-stm32l151-application/link_phy.o
 .text._Z25fsm_link_phy_state_handleP8ak_msg_t
                0x000000000800d500      0x1f0 build_ak-base-kit-stm32l151-application/link_phy.o
                0x000000000800d500                fsm_link_phy_state_handle(ak_msg_t*)
 .text._Z13task_link_phyP8ak_msg_t
                0x000000000800d6f0        0xc build_ak-base-kit-stm32l151-application/link_phy.o
                0x000000000800d6f0                task_link_phy(ak_msg_t*)
 .text._Z23fsm_link_phy_state_initP8ak_msg_t
                0x000000000800d6fc       0x90 build_ak-base-kit-stm32l151-application/link_phy.o
                0x000000000800d6fc                fsm_link_phy_state_init(ak_msg_t*)
 .text._Z26link_phy_get_send_frame_tov
                0x000000000800d78c       0x10 build_ak-base-kit-stm32l151-application/link_phy.o
                0x000000000800d78c                link_phy_get_send_frame_to()
 .text._Z13link_pdu_initv
                0x000000000800d79c       0x54 build_ak-base-kit-stm32l151-application/link_data.o
                0x000000000800d79c                link_pdu_init()
 .text._Z15link_pdu_mallocv
                0x000000000800d7f0       0x24 build_ak-base-kit-stm32l151-application/link_data.o
                0x000000000800d7f0                link_pdu_malloc()
 .text._Z12link_pdu_getm
                0x000000000800d814       0x3c build_ak-base-kit-stm32l151-application/link_data.o
                0x000000000800d814                link_pdu_get(unsigned long)
 .text._Z13link_pdu_freem
                0x000000000800d850       0x4c build_ak-base-kit-stm32l151-application/link_data.o
                0x000000000800d850                link_pdu_free(unsigned long)
 .text._Z17link_get_src_addrv
                0x000000000800d89c       0x18 build_ak-base-kit-stm32l151-application/link_data.o
                0x000000000800d89c                link_get_src_addr()
 .text._Z17link_get_des_addrv
                0x000000000800d8b4       0x18 build_ak-base-kit-stm32l151-application/link_data.o
                0x000000000800d8b4                link_get_des_addr()
 .text._Z7pinModehh
                0x000000000800d8cc       0x84 build_ak-base-kit-stm32l151-application/wiring_digital.o
                0x000000000800d8cc                pinMode(unsigned char, unsigned char)
 .text._Z12digitalWritehh
                0x000000000800d950       0x78 build_ak-base-kit-stm32l151-application/wiring_digital.o
                0x000000000800d950                digitalWrite(unsigned char, unsigned char)
 .text._ZN5Print5writeEPKhj
                0x000000000800d9c8       0x22 build_ak-base-kit-stm32l151-application/Print.o
                0x000000000800d9c8                Print::write(unsigned char const*, unsigned int)
 .text._ZN5Print5writeEPKc
                0x000000000800d9ea       0x20 build_ak-base-kit-stm32l151-application/Print.o
                0x000000000800d9ea                Print::write(char const*)
 .text._ZN5Print5printEPKc
                0x000000000800da0a        0x8 build_ak-base-kit-stm32l151-application/Print.o
                0x000000000800da0a                Print::print(char const*)
 .text._ZN5Print5printEc
                0x000000000800da12        0x6 build_ak-base-kit-stm32l151-application/Print.o
                0x000000000800da12                Print::print(char)
 .text._ZN5Print11printNumberEmh
                0x000000000800da18       0x3a build_ak-base-kit-stm32l151-application/Print.o
                0x000000000800da18                Print::printNumber(unsigned long, unsigned char)
 .text._ZN5Print5printEli.part.0
                0x000000000800da52       0x28 build_ak-base-kit-stm32l151-application/Print.o
 .text._ZN5Print5printEli
                0x000000000800da7a       0x20 build_ak-base-kit-stm32l151-application/Print.o
                0x000000000800da7a                Print::print(long, int)
 .text._ZN5Print5printEii
                0x000000000800da9a        0x4 build_ak-base-kit-stm32l151-application/Print.o
                0x000000000800da9a                Print::print(int, int)
 .text._ZN14HardwareSerial9availableEv
                0x000000000800da9e        0xa build_ak-base-kit-stm32l151-application/HardwareSerial.o
                0x000000000800da9e                HardwareSerial::available()
 .text._ZN14HardwareSerial4peekEv
                0x000000000800daa8       0x14 build_ak-base-kit-stm32l151-application/HardwareSerial.o
                0x000000000800daa8                HardwareSerial::peek()
 .text._ZN14HardwareSerial4readEv
                0x000000000800dabc       0x20 build_ak-base-kit-stm32l151-application/HardwareSerial.o
                0x000000000800dabc                HardwareSerial::read()
 .text._ZN14HardwareSerial5flushEv
                0x000000000800dadc        0x2 build_ak-base-kit-stm32l151-application/HardwareSerial.o
                0x000000000800dadc                HardwareSerial::flush()
 .text._ZN14HardwareSerial17availableForWriteEv
                0x000000000800dade       0x26 build_ak-base-kit-stm32l151-application/HardwareSerial.o
                0x000000000800dade                HardwareSerial::availableForWrite()
 .text._ZN14HardwareSerial5writeEh
                0x000000000800db04       0x30 build_ak-base-kit-stm32l151-application/HardwareSerial.o
                0x000000000800db04                HardwareSerial::write(unsigned char)
 .text._ZL20serial2_trigger_putcv
                0x000000000800db34       0x10 build_ak-base-kit-stm32l151-application/HardwareSerial2.o
 .text.startup._GLOBAL__sub_I_Serial2
                0x000000000800db44       0x34 build_ak-base-kit-stm32l151-application/HardwareSerial2.o
 .text._ZN8SPIClass9io_configEv
                0x000000000800db78       0x68 build_ak-base-kit-stm32l151-application/SPI.o
                0x000000000800db78                SPIClass::io_config()
 .text._ZN8SPIClass5beginEv
                0x000000000800dbe0       0xd0 build_ak-base-kit-stm32l151-application/SPI.o
                0x000000000800dbe0                SPIClass::begin()
 .text.startup._GLOBAL__sub_I__ZN8SPIClassC2Ev
                0x000000000800dcb0       0x14 build_ak-base-kit-stm32l151-application/SPI.o
 .text._ZN7TwoWire9availableEv
                0x000000000800dcc4       0x14 build_ak-base-kit-stm32l151-application/Wire.o
                0x000000000800dcc4                TwoWire::available()
 .text._ZN7TwoWire4readEv
                0x000000000800dcd8       0x28 build_ak-base-kit-stm32l151-application/Wire.o
                0x000000000800dcd8                TwoWire::read()
 .text._ZN7TwoWire4peekEv
                0x000000000800dd00       0x24 build_ak-base-kit-stm32l151-application/Wire.o
                0x000000000800dd00                TwoWire::peek()
 .text._ZN7TwoWire5flushEv
                0x000000000800dd24        0x2 build_ak-base-kit-stm32l151-application/Wire.o
                0x000000000800dd24                TwoWire::flush()
 *fill*         0x000000000800dd26        0x2 
 .text._ZN7TwoWire5writeEh
                0x000000000800dd28       0x54 build_ak-base-kit-stm32l151-application/Wire.o
                0x000000000800dd28                TwoWire::write(unsigned char)
 .text._ZN7TwoWire5writeEPKhj
                0x000000000800dd7c       0x34 build_ak-base-kit-stm32l151-application/Wire.o
                0x000000000800dd7c                TwoWire::write(unsigned char const*, unsigned int)
 .text.startup._GLOBAL__sub_I__ZN7TwoWire8rxBufferE
                0x000000000800ddb0       0x1c build_ak-base-kit-stm32l151-application/Wire.o
 .text._Z12twi_transmitPKhh
                0x000000000800ddcc       0x44 build_ak-base-kit-stm32l151-application/twi.o
                0x000000000800ddcc                twi_transmit(unsigned char const*, unsigned char)
 .text.__cxa_pure_virtual
                0x000000000800de10       0x1c build_ak-base-kit-stm32l151-application/mini_cpp.o
                0x000000000800de10                __cxa_pure_virtual
 .text._Znwj    0x000000000800de2c        0x4 build_ak-base-kit-stm32l151-application/mini_cpp.o
                0x000000000800de2c                operator new(unsigned int)
 .text._ZdlPv   0x000000000800de30        0x4 build_ak-base-kit-stm32l151-application/mini_cpp.o
                0x000000000800de30                operator delete(void*)
 .text._sbrk    0x000000000800de34       0x1c build_ak-base-kit-stm32l151-application/mini_cpp.o
                0x000000000800de34                _sbrk
 .text.malloc   0x000000000800de50       0x10 /home/duck/Workspace/Tools/gcc-arm-none-eabi-10.3-2021.10/arm-none-eabi/lib/thumb/v7-m/nofp/libc.a(lib_a-malloc.o)
                0x000000000800de50                malloc
 .text.free     0x000000000800de60       0x10 /home/duck/Workspace/Tools/gcc-arm-none-eabi-10.3-2021.10/arm-none-eabi/lib/thumb/v7-m/nofp/libc.a(lib_a-malloc.o)
                0x000000000800de60                free
 .text._malloc_r
                0x000000000800de70      0x558 /home/duck/Workspace/Tools/gcc-arm-none-eabi-10.3-2021.10/arm-none-eabi/lib/thumb/v7-m/nofp/libc.a(lib_a-mallocr.o)
                0x000000000800de70                _malloc_r
 .text.memcmp   0x000000000800e3c8       0x68 /home/duck/Workspace/Tools/gcc-arm-none-eabi-10.3-2021.10/arm-none-eabi/lib/thumb/v7-m/nofp/libc.a(lib_a-memcmp.o)
                0x000000000800e3c8                memcmp
 .text.memset   0x000000000800e430       0xa4 /home/duck/Workspace/Tools/gcc-arm-none-eabi-10.3-2021.10/arm-none-eabi/lib/thumb/v7-m/nofp/libc.a(lib_a-memset.o)
                0x000000000800e430                memset
 .text.__malloc_lock
                0x000000000800e4d4        0xc /home/duck/Workspace/Tools/gcc-arm-none-eabi-10.3-2021.10/arm-none-eabi/lib/thumb/v7-m/nofp/libc.a(lib_a-mlock.o)
                0x000000000800e4d4                __malloc_lock
 .text.__malloc_unlock
                0x000000000800e4e0        0xc /home/duck/Workspace/Tools/gcc-arm-none-eabi-10.3-2021.10/arm-none-eabi/lib/thumb/v7-m/nofp/libc.a(lib_a-mlock.o)
                0x000000000800e4e0                __malloc_unlock