sources/app/shell.cpp:148:7:char* str_parser_get_attr(uint8_t)	0	static
sources/app/shell.cpp:379:9:int32_t shell_stt(uint8_t*)	0	static
sources/app/shell.cpp:898:9:int32_t shell_psv(uint8_t*)	0	static
sources/app/shell.cpp:159:9:int32_t shell_reset(uint8_t*)	8	static
sources/app/shell.cpp:198:9:int32_t shell_help(uint8_t*)	16	static
sources/app/shell.cpp:165:9:int32_t shell_ver(uint8_t*)	40	static
sources/app/shell.cpp:212:9:int32_t shell_reboot(uint8_t*)	8	static
sources/app/shell.cpp:122:9:uint8_t str_parser(char*)	24	static
sources/app/shell.cpp:219:9:int32_t shell_fatal(uint8_t*)	128	static
sources/app/shell.cpp:442:9:int32_t shell_flash(uint8_t*)	32	static
sources/app/shell.cpp:389:9:int32_t shell_eps(uint8_t*)	24	static
sources/app/shell.cpp:666:9:int32_t shell_ram(uint8_t*)	24	static
sources/app/shell.cpp:815:9:int32_t shell_boot(uint8_t*)	104	static
sources/app/shell.cpp:881:9:int32_t shell_fwu(uint8_t*)	96	static
sources/app/shell.cpp:904:9:int32_t shell_buzzer(uint8_t*)	8	static
sources/app/shell.cpp:627:9:int32_t shell_dbg(uint8_t*)	8	static
sources/app/shell.cpp:944:9:int32_t shell_modbus(uint8_t*)	24	static
sources/app/shell.cpp:384:9:int32_t shell_epi(uint8_t*)	0	static
sources/app/shell.cpp:515:9:int32_t shell_lcd(uint8_t*)	32	static
